Component: ARM Compiler 5.06 update 7 (build 960) Tool: armlink [4d3601]

==============================================================================

Section Cross References

    startup_stm32l431xx.o(RESET) refers to startup_stm32l431xx.o(STACK) for __initial_sp
    startup_stm32l431xx.o(RESET) refers to startup_stm32l431xx.o(.text) for Reset_Handler
    startup_stm32l431xx.o(RESET) refers to stm32l4xx_it.o(i.NMI_Handler) for NMI_Handler
    startup_stm32l431xx.o(RESET) refers to stm32l4xx_it.o(i.HardFault_Handler) for HardFault_Handler
    startup_stm32l431xx.o(RESET) refers to stm32l4xx_it.o(i.MemManage_Handler) for MemManage_Handler
    startup_stm32l431xx.o(RESET) refers to stm32l4xx_it.o(i.BusFault_Handler) for BusFault_Handler
    startup_stm32l431xx.o(RESET) refers to stm32l4xx_it.o(i.UsageFault_Handler) for UsageFault_Handler
    startup_stm32l431xx.o(RESET) refers to stm32l4xx_it.o(i.SVC_Handler) for SVC_Handler
    startup_stm32l431xx.o(RESET) refers to stm32l4xx_it.o(i.DebugMon_Handler) for DebugMon_Handler
    startup_stm32l431xx.o(RESET) refers to stm32l4xx_it.o(i.PendSV_Handler) for PendSV_Handler
    startup_stm32l431xx.o(RESET) refers to stm32l4xx_it.o(i.SysTick_Handler) for SysTick_Handler
    startup_stm32l431xx.o(RESET) refers to stm32l4xx_it.o(i.DMA1_Channel5_IRQHandler) for DMA1_Channel5_IRQHandler
    startup_stm32l431xx.o(.text) refers to system_stm32l4xx.o(i.SystemInit) for SystemInit
    startup_stm32l431xx.o(.text) refers to entry.o(.ARM.Collect$$$$00000000) for __main
    main.o(i.SystemClock_Config) refers to memseta.o(.text) for __aeabi_memclr4
    main.o(i.SystemClock_Config) refers to stm32l4xx_hal_pwr_ex.o(i.HAL_PWREx_ControlVoltageScaling) for HAL_PWREx_ControlVoltageScaling
    main.o(i.SystemClock_Config) refers to stm32l4xx_hal_rcc.o(i.HAL_RCC_OscConfig) for HAL_RCC_OscConfig
    main.o(i.SystemClock_Config) refers to stm32l4xx_hal_rcc.o(i.HAL_RCC_ClockConfig) for HAL_RCC_ClockConfig
    main.o(i.main) refers to stm32l4xx_hal.o(i.HAL_Init) for HAL_Init
    main.o(i.main) refers to main.o(i.SystemClock_Config) for SystemClock_Config
    main.o(i.main) refers to gpio.o(i.MX_GPIO_Init) for MX_GPIO_Init
    main.o(i.main) refers to printfa.o(i.__0printf) for __2printf
    main.o(i.main) refers to bsp_usart.o(i.UARTx_Config) for UARTx_Config
    main.o(i.main) refers to bsp_usart_dma.o(i.GPS_Config) for GPS_Config
    main.o(i.main) refers to main.o(i.test_uart_polling_mode) for test_uart_polling_mode
    main.o(i.main) refers to main.o(i.__NVIC_GetPendingIRQ) for __NVIC_GetPendingIRQ
    main.o(i.main) refers to main.o(i.__NVIC_GetEnableIRQ) for __NVIC_GetEnableIRQ
    main.o(i.main) refers to stm32l4xx_hal_uart.o(i.HAL_UART_Receive_DMA) for HAL_UART_Receive_DMA
    main.o(i.main) refers to nema_decode_test.o(i.nmea_decode_test) for nmea_decode_test
    main.o(i.main) refers to main.o(.constdata) for .constdata
    main.o(i.main) refers to bsp_usart_dma.o(.bss) for gps_rbuff
    main.o(i.main) refers to bsp_usart_dma.o(.bss) for GPS_UartHandle
    main.o(i.test_uart_polling_mode) refers to printfa.o(i.__0printf) for __2printf
    main.o(i.test_uart_polling_mode) refers to stm32l4xx_hal_uart.o(i.HAL_UART_Receive) for HAL_UART_Receive
    main.o(i.test_uart_polling_mode) refers to stm32l4xx_hal.o(i.HAL_Delay) for HAL_Delay
    main.o(i.test_uart_polling_mode) refers to bsp_usart_dma.o(.bss) for GPS_UartHandle
    stm32l4xx_it.o(i.DMA1_Channel5_IRQHandler) refers to printfa.o(i.__0printf) for __2printf
    stm32l4xx_it.o(i.DMA1_Channel5_IRQHandler) refers to stm32l4xx_hal_dma.o(i.HAL_DMA_IRQHandler) for HAL_DMA_IRQHandler
    stm32l4xx_it.o(i.DMA1_Channel5_IRQHandler) refers to bsp_usart_dma.o(.bss) for DMA_Handle
    stm32l4xx_it.o(i.SysTick_Handler) refers to stm32l4xx_hal.o(i.HAL_IncTick) for HAL_IncTick
    stm32l4xx_hal_uart.o(i.HAL_HalfDuplex_Init) refers to stm32l4xx_hal_uart.o(i.HAL_UART_MspInit) for HAL_UART_MspInit
    stm32l4xx_hal_uart.o(i.HAL_HalfDuplex_Init) refers to stm32l4xx_hal_uart.o(i.UART_AdvFeatureConfig) for UART_AdvFeatureConfig
    stm32l4xx_hal_uart.o(i.HAL_HalfDuplex_Init) refers to stm32l4xx_hal_uart.o(i.UART_SetConfig) for UART_SetConfig
    stm32l4xx_hal_uart.o(i.HAL_HalfDuplex_Init) refers to stm32l4xx_hal_uart.o(i.UART_CheckIdleState) for UART_CheckIdleState
    stm32l4xx_hal_uart.o(i.HAL_LIN_Init) refers to stm32l4xx_hal_uart.o(i.HAL_UART_MspInit) for HAL_UART_MspInit
    stm32l4xx_hal_uart.o(i.HAL_LIN_Init) refers to stm32l4xx_hal_uart.o(i.UART_AdvFeatureConfig) for UART_AdvFeatureConfig
    stm32l4xx_hal_uart.o(i.HAL_LIN_Init) refers to stm32l4xx_hal_uart.o(i.UART_SetConfig) for UART_SetConfig
    stm32l4xx_hal_uart.o(i.HAL_LIN_Init) refers to stm32l4xx_hal_uart.o(i.UART_CheckIdleState) for UART_CheckIdleState
    stm32l4xx_hal_uart.o(i.HAL_MultiProcessor_DisableMuteMode) refers to stm32l4xx_hal_uart.o(i.UART_CheckIdleState) for UART_CheckIdleState
[...]
    ../mathlib/dunder.c                      0x00000000   Number         0  dunder.o ABSOLUTE
    ../mathlib/fabs.c                        0x00000000   Number         0  fabs.o ABSOLUTE
    ../mathlib/fpclassify.c                  0x00000000   Number         0  fpclassify.o ABSOLUTE
    ../mathlib/modf.c                        0x00000000   Number         0  modf.o ABSOLUTE
    ../mathlib/poly.c                        0x00000000   Number         0  poly.o ABSOLUTE
    ../mathlib/pow.c                         0x00000000   Number         0  pow_x.o ABSOLUTE
    ../mathlib/pow.c                         0x00000000   Number         0  pow.o ABSOLUTE
    ../mathlib/qnan.c                        0x00000000   Number         0  qnan.o ABSOLUTE
    ../mathlib/rred.c                        0x00000000   Number         0  rred.o ABSOLUTE
    ../mathlib/sin.c                         0x00000000   Number         0  sin.o ABSOLUTE
    ../mathlib/sin.c                         0x00000000   Number         0  sin_x.o ABSOLUTE
    ../mathlib/sin_i.c                       0x00000000   Number         0  sin_i_x.o ABSOLUTE
    ../mathlib/sin_i.c                       0x00000000   Number         0  sin_i.o ABSOLUTE
    ../mathlib/sqrt.c                        0x00000000   Number         0  sqrt.o ABSOLUTE
    ../mathlib/sqrt.c                        0x00000000   Number         0  sqrt_x.o ABSOLUTE
    ../mathlib/strtod.c                      0x00000000   Number         0  strtod.o ABSOLUTE
    ../mathlib/tan.c                         0x00000000   Number         0  tan.o ABSOLUTE
    ../mathlib/tan.c                         0x00000000   Number         0  tan_x.o ABSOLUTE
    ../mathlib/tan_i.c                       0x00000000   Number         0  tan_i.o ABSOLUTE
    ../mathlib/tan_i.c                       0x00000000   Number         0  tan_i_x.o ABSOLUTE
    ..\APP\nema_decode_test.c                0x00000000   Number         0  nema_decode_test.o ABSOLUTE
    ..\BSP\nmea_decode\src\context.c         0x00000000   Number         0  context.o ABSOLUTE
    ..\BSP\nmea_decode\src\generate.c        0x00000000   Number         0  generate.o ABSOLUTE
    ..\BSP\nmea_decode\src\generator.c       0x00000000   Number         0  generator.o ABSOLUTE
    ..\BSP\nmea_decode\src\gmath.c           0x00000000   Number         0  gmath.o ABSOLUTE
    ..\BSP\nmea_decode\src\info.c            0x00000000   Number         0  info.o ABSOLUTE
    ..\BSP\nmea_decode\src\parse.c           0x00000000   Number         0  parse.o ABSOLUTE
    ..\BSP\nmea_decode\src\parser.c          0x00000000   Number         0  parser.o ABSOLUTE
    ..\BSP\nmea_decode\src\sentence.c        0x00000000   Number         0  sentence.o ABSOLUTE
    ..\BSP\nmea_decode\src\time.c            0x00000000   Number         0  time.o ABSOLUTE
    ..\BSP\nmea_decode\src\tok.c             0x00000000   Number         0  tok.o ABSOLUTE
    ..\BSP\usart\bsp_usart.c                 0x00000000   Number         0  bsp_usart.o ABSOLUTE
    ..\BSP\usart\bsp_usart_dma.c             0x00000000   Number         0  bsp_usart_dma.o ABSOLUTE
    ..\Core\Src\gpio.c                       0x00000000   Number         0  gpio.o ABSOLUTE
    ..\Core\Src\main.c                       0x00000000   Number         0  main.o ABSOLUTE
    ..\Core\Src\stm32l4xx_hal_msp.c          0x00000000   Number         0  stm32l4xx_hal_msp.o ABSOLUTE
    ..\Core\Src\stm32l4xx_it.c               0x00000000   Number         0  stm32l4xx_it.o ABSOLUTE
    ..\Core\Src\system_stm32l4xx.c           0x00000000   Number         0  system_stm32l4xx.o ABSOLUTE
    ..\Drivers\STM32L4xx_HAL_Driver\Src\stm32l4xx_hal.c 0x00000000   Number         0  stm32l4xx_hal.o ABSOLUTE
    ..\Drivers\STM32L4xx_HAL_Driver\Src\stm32l4xx_hal_cortex.c 0x00000000   Number         0  stm32l4xx_hal_cortex.o ABSOLUTE
    ..\Drivers\STM32L4xx_HAL_Driver\Src\stm32l4xx_hal_dma.c 0x00000000   Number         0  stm32l4xx_hal_dma.o ABSOLUTE
    ..\Drivers\STM32L4xx_HAL_Driver\Src\stm32l4xx_hal_dma_ex.c 0x00000000   Number         0  stm32l4xx_hal_dma_ex.o ABSOLUTE
    ..\Drivers\STM32L4xx_HAL_Driver\Src\stm32l4xx_hal_exti.c 0x00000000   Number         0  stm32l4xx_hal_exti.o ABSOLUTE
    ..\Drivers\STM32L4xx_HAL_Driver\Src\stm32l4xx_hal_flash.c 0x00000000   Number         0  stm32l4xx_hal_flash.o ABSOLUTE
    ..\Drivers\STM32L4xx_HAL_Driver\Src\stm32l4xx_hal_flash_ex.c 0x00000000   Number         0  stm32l4xx_hal_flash_ex.o ABSOLUTE
    ..\Drivers\STM32L4xx_HAL_Driver\Src\stm32l4xx_hal_flash_ramfunc.c 0x00000000   Number         0  stm32l4xx_hal_flash_ramfunc.o ABSOLUTE
    ..\Drivers\STM32L4xx_HAL_Driver\Src\stm32l4xx_hal_gpio.c 0x00000000   Number         0  stm32l4xx_hal_gpio.o ABSOLUTE
    ..\Drivers\STM32L4xx_HAL_Driver\Src\stm32l4xx_hal_i2c.c 0x00000000   Number         0  stm32l4xx_hal_i2c.o ABSOLUTE
    ..\Drivers\STM32L4xx_HAL_Driver\Src\stm32l4xx_hal_i2c_ex.c 0x00000000   Number         0  stm32l4xx_hal_i2c_ex.o ABSOLUTE
    ..\Drivers\STM32L4xx_HAL_Driver\Src\stm32l4xx_hal_pwr.c 0x00000000   Number         0  stm32l4xx_hal_pwr.o ABSOLUTE
    ..\Drivers\STM32L4xx_HAL_Driver\Src\stm32l4xx_hal_pwr_ex.c 0x00000000   Number         0  stm32l4xx_hal_pwr_ex.o ABSOLUTE
    ..\Drivers\STM32L4xx_HAL_Driver\Src\stm32l4xx_hal_rcc.c 0x00000000   Number         0  stm32l4xx_hal_rcc.o ABSOLUTE
    ..\Drivers\STM32L4xx_HAL_Driver\Src\stm32l4xx_hal_rcc_ex.c 0x00000000   Number         0  stm32l4xx_hal_rcc_ex.o ABSOLUTE
    ..\Drivers\STM32L4xx_HAL_Driver\Src\stm32l4xx_hal_uart.c 0x00000000   Number         0  stm32l4xx_hal_uart.o ABSOLUTE
    ..\Drivers\STM32L4xx_HAL_Driver\Src\stm32l4xx_hal_uart_ex.c 0x00000000   Number         0  stm32l4xx_hal_uart_ex.o ABSOLUTE
    ..\\APP\\nema_decode_test.c              0x00000000   Number         0  nema_decode_test.o ABSOLUTE
    ..\\BSP\\usart\\bsp_usart.c              0x00000000   Number         0  bsp_usart.o ABSOLUTE
    ..\\BSP\\usart\\bsp_usart_dma.c          0x00000000   Number         0  bsp_usart_dma.o ABSOLUTE
    cdcmple.s                                0x00000000   Number         0  cdcmple.o ABSOLUTE
    cdrcmple.s                               0x00000000   Number         0  cdrcmple.o ABSOLUTE
    dc.s                                     0x00000000   Number         0  dc.o ABSOLUTE
    handlers.s                               0x00000000   Number         0  handlers.o ABSOLUTE
    init.s                                   0x00000000   Number         0  init.o ABSOLUTE
    startup_stm32l431xx.s                    0x00000000   Number         0  startup_stm32l431xx.o ABSOLUTE
    RESET                                    0x08000000   Section      396  startup_stm32l431xx.o(RESET)
    .ARM.Collect$$$$00000000                 0x0800018c   Section        0  entry.o(.ARM.Collect$$$$00000000)
    .ARM.Collect$$$$00000001                 0x0800018c   Section        4  entry2.o(.ARM.Collect$$$$00000001)
    .ARM.Collect$$$$00000004                 0x08000190   Section        4  entry5.o(.ARM.Collect$$$$00000004)
    .ARM.Collect$$$$00000008                 0x08000194   Section        0  entry7b.o(.ARM.Collect$$$$00000008)
    .ARM.Collect$$$$0000000A                 0x08000194   Section        0  entry8b.o(.ARM.Collect$$$$0000000A)
    .ARM.Collect$$$$0000000B                 0x08000194   Section        8  entry9a.o(.ARM.Collect$$$$0000000B)
    .ARM.Collect$$$$0000000E                 0x0800019c   Section        4  entry12b.o(.ARM.Collect$$$$0000000E)
    .ARM.Collect$$$$0000000F                 0x080001a0   Section        0  entry10a.o(.ARM.Collect$$$$0000000F)
    .ARM.Collect$$$$00000011                 0x080001a0   Section        0  entry11a.o(.ARM.Collect$$$$00000011)
    .ARM.Collect$$$$00002712                 0x080001a0   Section        4  entry2.o(.ARM.Collect$$$$00002712)
    __lit__00000000                          0x080001a0   Data           4  entry2.o(.ARM.Collect$$$$00002712)
    .text                                    0x080001a4   Section       36  startup_stm32l431xx.o(.text)
    $v0                                      0x080001a4   Number         0  startup_stm32l431xx.o(.text)
    .text                                    0x080001c8   Section        0  uldiv.o(.text)
    .text                                    0x08000230   Section        0  ctype_o.o(.text)
    .text                                    0x08000238   Section        0  isspace_o.o(.text)
    .text                                    0x0800024a   Section        0  memcpya.o(.text)
    .text                                    0x0800026e   Section        0  memseta.o(.text)
    .text                                    0x08000292   Section        0  strlen.o(.text)
    .text                                    0x080002a0   Section        0  memchr.o(.text)
    .text                                    0x080002b4   Section        0  memcmp.o(.text)
    .text                                    0x080002ce   Section        0  strtol.o(.text)
    .text                                    0x0800033e   Section        0  dadd.o(.text)
    .text                                    0x0800049c   Section        0  dmul.o(.text)
    .text                                    0x08000586   Section        0  ddiv.o(.text)
    .text                                    0x08000664   Section        0  dflti.o(.text)
    .text                                    0x08000686   Section        0  dfixi.o(.text)
    .text                                    0x080006c4   Section       48  cdrcmple.o(.text)
    .text                                    0x080006f4   Section        0  uidiv.o(.text)
    .text                                    0x08000720   Section        0  llshl.o(.text)
    .text                                    0x0800073e   Section        0  llushr.o(.text)
    .text                                    0x0800075e   Section        0  llsshr.o(.text)
    .text                                    0x08000782   Section        0  _strtoul.o(.text)
    .text                                    0x08000828   Section        0  strtod.o(.text)
    _local_sscanf                            0x08000829   Thumb Code    54  strtod.o(.text)
    .text                                    0x080008c4   Section        0  depilogue.o(.text)
    .text                                    0x080008c4   Section        0  iusefp.o(.text)
    .text                                    0x0800097e   Section        0  dfixul.o(.text)
    .text                                    0x080009b0   Section       36  init.o(.text)
    .text                                    0x080009d4   Section        0  _chval.o(.text)
    .text                                    0x080009f0   Section        0  scanf_fp.o(.text)
    _fp_value                                0x080009f1   Thumb Code   296  scanf_fp.o(.text)
    .text                                    0x08000d56   Section        0  _sgetc.o(.text)
    .text                                    0x08000d96   Section        0  dfltul.o(.text)
    .text                                    0x08000dae   Section        0  d2f.o(.text)
    .text                                    0x08000de6   Section        0  fepilogue.o(.text)
    i.BusFault_Handler                       0x08000e54   Section        0  stm32l4xx_it.o(i.BusFault_Handler)
    i.DMA1_Channel5_IRQHandler               0x08000e58   Section        0  stm32l4xx_it.o(i.DMA1_Channel5_IRQHandler)
    i.DMA_SetConfig                          0x08000e8c   Section        0  stm32l4xx_hal_dma.o(i.DMA_SetConfig)
    DMA_SetConfig                            0x08000e8d   Thumb Code    46  stm32l4xx_hal_dma.o(i.DMA_SetConfig)
    i.DebugMon_Handler                       0x08000eba   Section        0  stm32l4xx_it.o(i.DebugMon_Handler)
    i.GMTconvert                             0x08000ebc   Section        0  bsp_usart_dma.o(i.GMTconvert)
    i.GPS_Config                             0x08000fd6   Section        0  bsp_usart_dma.o(i.GPS_Config)
    i.GPS_USART_Config                       0x08000fe4   Section        0  bsp_usart_dma.o(i.GPS_USART_Config)
    i.HAL_DMA_DeInit                         0x08001088   Section        0  stm32l4xx_hal_dma.o(i.HAL_DMA_DeInit)
    i.HAL_DMA_IRQHandler                     0x08001124   Section        0  stm32l4xx_hal_dma.o(i.HAL_DMA_IRQHandler)
    i.HAL_DMA_Init                           0x080011f8   Section        0  stm32l4xx_hal_dma.o(i.HAL_DMA_Init)
    i.HAL_DMA_Start_IT                       0x080012bc   Section        0  stm32l4xx_hal_dma.o(i.HAL_DMA_Start_IT)
    i.HAL_Delay                              0x08001330   Section        0  stm32l4xx_hal.o(i.HAL_Delay)
    i.HAL_GPIO_Init                          0x08001354   Section        0  stm32l4xx_hal_gpio.o(i.HAL_GPIO_Init)
    i.HAL_GetTick                            0x0800152c   Section        0  stm32l4xx_hal.o(i.HAL_GetTick)
    i.HAL_IncTick                            0x08001538   Section        0  stm32l4xx_hal.o(i.HAL_IncTick)
    i.HAL_Init                               0x08001548   Section        0  stm32l4xx_hal.o(i.HAL_Init)
    i.HAL_InitTick                           0x08001568   Section        0  stm32l4xx_hal.o(i.HAL_InitTick)
    i.HAL_MspInit                            0x080015ac   Section        0  stm32l4xx_hal_msp.o(i.HAL_MspInit)
    i.HAL_NVIC_EnableIRQ                     0x080015d8   Section        0  stm32l4xx_hal_cortex.o(i.HAL_NVIC_EnableIRQ)
    i.HAL_NVIC_SetPriority                   0x080015f4   Section        0  stm32l4xx_hal_cortex.o(i.HAL_NVIC_SetPriority)
    i.HAL_NVIC_SetPriorityGrouping           0x08001634   Section        0  stm32l4xx_hal_cortex.o(i.HAL_NVIC_SetPriorityGrouping)
    i.HAL_PWREx_ControlVoltageScaling        0x08001658   Section        0  stm32l4xx_hal_pwr_ex.o(i.HAL_PWREx_ControlVoltageScaling)
    i.HAL_PWREx_GetVoltageRange              0x080016c0   Section        0  stm32l4xx_hal_pwr_ex.o(i.HAL_PWREx_GetVoltageRange)
    i.HAL_RCCEx_PeriphCLKConfig              0x080016d0   Section        0  stm32l4xx_hal_rcc_ex.o(i.HAL_RCCEx_PeriphCLKConfig)
    i.HAL_RCC_ClockConfig                    0x0800198c   Section        0  stm32l4xx_hal_rcc.o(i.HAL_RCC_ClockConfig)
    i.HAL_RCC_GetPCLK1Freq                   0x08001ad0   Section        0  stm32l4xx_hal_rcc.o(i.HAL_RCC_GetPCLK1Freq)
    i.HAL_RCC_GetPCLK2Freq                   0x08001af4   Section        0  stm32l4xx_hal_rcc.o(i.HAL_RCC_GetPCLK2Freq)
    i.HAL_RCC_GetSysClockFreq                0x08001b18   Section        0  stm32l4xx_hal_rcc.o(i.HAL_RCC_GetSysClockFreq)
    i.HAL_RCC_OscConfig                      0x08001bbc   Section        0  stm32l4xx_hal_rcc.o(i.HAL_RCC_OscConfig)
    i.HAL_SYSTICK_Config                     0x0800211c   Section        0  stm32l4xx_hal_cortex.o(i.HAL_SYSTICK_Config)
    i.HAL_UARTEx_RxEventCallback             0x08002144   Section        0  stm32l4xx_hal_uart.o(i.HAL_UARTEx_RxEventCallback)
    i.HAL_UART_ErrorCallback                 0x08002146   Section        0  stm32l4xx_hal_uart.o(i.HAL_UART_ErrorCallback)
    i.HAL_UART_Init                          0x08002148   Section        0  stm32l4xx_hal_uart.o(i.HAL_UART_Init)
    i.HAL_UART_MspInit                       0x080021ae   Section        0  stm32l4xx_hal_uart.o(i.HAL_UART_MspInit)
    i.HAL_UART_Receive                       0x080021b0   Section        0  stm32l4xx_hal_uart.o(i.HAL_UART_Receive)
    i.HAL_UART_Receive_DMA                   0x080022a8   Section        0  stm32l4xx_hal_uart.o(i.HAL_UART_Receive_DMA)
    i.HAL_UART_RxCpltCallback                0x080022f0   Section        0  stm32l4xx_hal_uart.o(i.HAL_UART_RxCpltCallback)
    i.HAL_UART_RxHalfCpltCallback            0x080022f2   Section        0  stm32l4xx_hal_uart.o(i.HAL_UART_RxHalfCpltCallback)
    i.HAL_UART_Transmit                      0x080022f4   Section        0  stm32l4xx_hal_uart.o(i.HAL_UART_Transmit)
    i.HardFault_Handler                      0x080023a6   Section        0  stm32l4xx_it.o(i.HardFault_Handler)
    i.IsLeapYear                             0x080023a8   Section        0  bsp_usart_dma.o(i.IsLeapYear)
    IsLeapYear                               0x080023a9   Thumb Code    44  bsp_usart_dma.o(i.IsLeapYear)
    i.MX_GPIO_Init                           0x080023d4   Section        0  gpio.o(i.MX_GPIO_Init)
    i.MemManage_Handler                      0x08002400   Section        0  stm32l4xx_it.o(i.MemManage_Handler)
    i.NMI_Handler                            0x08002402   Section        0  stm32l4xx_it.o(i.NMI_Handler)
    i.PendSV_Handler                         0x08002404   Section        0  stm32l4xx_it.o(i.PendSV_Handler)
    i.RCCEx_PLLSAI1_Config                   0x08002408   Section        0  stm32l4xx_hal_rcc_ex.o(i.RCCEx_PLLSAI1_Config)
    RCCEx_PLLSAI1_Config                     0x08002409   Thumb Code   278  stm32l4xx_hal_rcc_ex.o(i.RCCEx_PLLSAI1_Config)
    i.RCC_SetFlashLatencyFromMSIRange        0x08002534   Section        0  stm32l4xx_hal_rcc.o(i.RCC_SetFlashLatencyFromMSIRange)
    RCC_SetFlashLatencyFromMSIRange          0x08002535   Thumb Code   116  stm32l4xx_hal_rcc.o(i.RCC_SetFlashLatencyFromMSIRange)
    i.SVC_Handler                            0x080025b0   Section        0  stm32l4xx_it.o(i.SVC_Handler)
    i.SysTick_Handler                        0x080025b2   Section        0  stm32l4xx_it.o(i.SysTick_Handler)
    i.SystemClock_Config                     0x080025b6   Section        0  main.o(i.SystemClock_Config)
    i.SystemInit                             0x08002624   Section        0  system_stm32l4xx.o(i.SystemInit)
    i.UART_AdvFeatureConfig                  0x08002634   Section        0  stm32l4xx_hal_uart.o(i.UART_AdvFeatureConfig)
    i.UART_CheckIdleState                    0x080026fc   Section        0  stm32l4xx_hal_uart.o(i.UART_CheckIdleState)
    i.UART_DMAError                          0x080027a4   Section        0  stm32l4xx_hal_uart.o(i.UART_DMAError)
    UART_DMAError                            0x080027a5   Thumb Code    66  stm32l4xx_hal_uart.o(i.UART_DMAError)
    i.UART_DMAReceiveCplt                    0x080027e6   Section        0  stm32l4xx_hal_uart.o(i.UART_DMAReceiveCplt)
    UART_DMAReceiveCplt                      0x080027e7   Thumb Code   150  stm32l4xx_hal_uart.o(i.UART_DMAReceiveCplt)
    i.UART_DMARxHalfCplt                     0x0800287c   Section        0  stm32l4xx_hal_uart.o(i.UART_DMARxHalfCplt)
    UART_DMARxHalfCplt                       0x0800287d   Thumb Code    60  stm32l4xx_hal_uart.o(i.UART_DMARxHalfCplt)
    i.UART_EndRxTransfer                     0x080028b8   Section        0  stm32l4xx_hal_uart.o(i.UART_EndRxTransfer)
    UART_EndRxTransfer                       0x080028b9   Thumb Code    76  stm32l4xx_hal_uart.o(i.UART_EndRxTransfer)
    i.UART_EndTxTransfer                     0x08002904   Section        0  stm32l4xx_hal_uart.o(i.UART_EndTxTransfer)
    UART_EndTxTransfer                       0x08002905   Thumb Code    24  stm32l4xx_hal_uart.o(i.UART_EndTxTransfer)
    i.UART_SetConfig                         0x0800291c   Section        0  stm32l4xx_hal_uart.o(i.UART_SetConfig)
    i.UART_Start_Receive_DMA                 0x08002b1c   Section        0  stm32l4xx_hal_uart.o(i.UART_Start_Receive_DMA)
    i.UART_WaitOnFlagUntilTimeout            0x08002bbc   Section        0  stm32l4xx_hal_uart.o(i.UART_WaitOnFlagUntilTimeout)
    i.UARTx_Config                           0x08002c50   Section        0  bsp_usart.o(i.UARTx_Config)
    i.USART_DMA_Config                       0x08002ce8   Section        0  bsp_usart_dma.o(i.USART_DMA_Config)
    i.UsageFault_Handler                     0x08002d58   Section        0  stm32l4xx_it.o(i.UsageFault_Handler)
    i.__0printf                              0x08002d5c   Section        0  printfa.o(i.__0printf)
    i.__0vsnprintf                           0x08002d7c   Section        0  printfa.o(i.__0vsnprintf)
    i.__NVIC_GetEnableIRQ                    0x08002db0   Section        0  main.o(i.__NVIC_GetEnableIRQ)
    __NVIC_GetEnableIRQ                      0x08002db1   Thumb Code    36  main.o(i.__NVIC_GetEnableIRQ)
    i.__NVIC_GetPendingIRQ                   0x08002dd4   Section        0  main.o(i.__NVIC_GetPendingIRQ)
    __NVIC_GetPendingIRQ                     0x08002dd5   Thumb Code    36  main.o(i.__NVIC_GetPendingIRQ)
    i.__NVIC_SetPriority                     0x08002df8   Section        0  stm32l4xx_hal_cortex.o(i.__NVIC_SetPriority)
    __NVIC_SetPriority                       0x08002df9   Thumb Code    32  stm32l4xx_hal_cortex.o(i.__NVIC_SetPriority)
    i.__aeabi_errno_addr                     0x08002e18   Section        0  errno.o(i.__aeabi_errno_addr)
    i.__hardfp_strtod                        0x08002e20   Section        0  strtod.o(i.__hardfp_strtod)
    i.__scatterload_copy                     0x08002e48   Section       14  handlers.o(i.__scatterload_copy)
    i.__scatterload_null                     0x08002e56   Section        2  handlers.o(i.__scatterload_null)
    i.__scatterload_zeroinit                 0x08002e58   Section       14  handlers.o(i.__scatterload_zeroinit)
    i._fp_digits                             0x08002e68   Section        0  printfa.o(i._fp_digits)
    _fp_digits                               0x08002e69   Thumb Code   366  printfa.o(i._fp_digits)
    i._is_digit                              0x08002ff2   Section        0  scanf_fp.o(i._is_digit)
    i._nmea_parse_time                       0x08003000   Section        0  parse.o(i._nmea_parse_time)
    i._printf_core                           0x08003090   Section        0  printfa.o(i._printf_core)
    _printf_core                             0x08003091   Thumb Code  1704  printfa.o(i._printf_core)
    i._printf_post_padding                   0x0800374a   Section        0  printfa.o(i._printf_post_padding)
    _printf_post_padding                     0x0800374b   Thumb Code    36  printfa.o(i._printf_post_padding)
    i._printf_pre_padding                    0x0800376e   Section        0  printfa.o(i._printf_pre_padding)
    _printf_pre_padding                      0x0800376f   Thumb Code    46  printfa.o(i._printf_pre_padding)
    i._snputc                                0x0800379c   Section        0  printfa.o(i._snputc)
    _snputc                                  0x0800379d   Thumb Code    22  printfa.o(i._snputc)
    i.error                                  0x080037b2   Section        0  bsp_usart_dma.o(i.error)
    i.fputc                                  0x080037b4   Section        0  bsp_usart.o(i.fputc)
    i.free                                   0x080037cc   Section        0  malloc.o(i.free)
    i.gps_info                               0x0800381c   Section        0  bsp_usart_dma.o(i.gps_info)
    i.main                                   0x0800385c   Section        0  main.o(i.main)
    i.malloc                                 0x08003ae0   Section        0  malloc.o(i.malloc)
    i.nmea_BDGSA2info                        0x08003b4c   Section        0  parse.o(i.nmea_BDGSA2info)
    i.nmea_BDGSV2info                        0x08003bb0   Section        0  parse.o(i.nmea_BDGSV2info)
    i.nmea_GNGGA2info                        0x08003c28   Section        0  parse.o(i.nmea_GNGGA2info)
    i.nmea_GNGLL2info                        0x08003ca0   Section        0  parse.o(i.nmea_GNGLL2info)
    i.nmea_GNRMC2info                        0x08003d2c   Section        0  parse.o(i.nmea_GNRMC2info)
    i.nmea_GNVTG2info                        0x08003de0   Section        0  parse.o(i.nmea_GNVTG2info)
    i.nmea_GNZDA2info                        0x08003e12   Section        0  parse.o(i.nmea_GNZDA2info)
    i.nmea_GPGGA2info                        0x08003e2c   Section        0  parse.o(i.nmea_GPGGA2info)
    i.nmea_GPGSA2info                        0x08003e9e   Section        0  parse.o(i.nmea_GPGSA2info)
    i.nmea_GPGSA_print                       0x08003f00   Section        0  parse.o(i.nmea_GPGSA_print)
    i.nmea_GPGSV2info                        0x08004044   Section        0  parse.o(i.nmea_GPGSV2info)
    i.nmea_GPRMC2info                        0x080040b4   Section        0  parse.o(i.nmea_GPRMC2info)
    i.nmea_GPTXT2info                        0x08004158   Section        0  parse.o(i.nmea_GPTXT2info)
    i.nmea_GPVTG2info                        0x080041dc   Section        0  parse.o(i.nmea_GPVTG2info)
    i.nmea_atof                              0x08004200   Section        0  tok.o(i.nmea_atof)
    i.nmea_atoi                              0x08004234   Section        0  tok.o(i.nmea_atoi)
    i.nmea_decode_test                       0x08004260   Section        0  nema_decode_test.o(i.nmea_decode_test)
    i.nmea_error                             0x0800451c   Section        0  context.o(i.nmea_error)
    i.nmea_find_tail                         0x08004554   Section        0  parse.o(i.nmea_find_tail)
    i.nmea_info                              0x080045d0   Section        0  context.o(i.nmea_info)
    i.nmea_ndeg2degree                       0x08004608   Section        0  gmath.o(i.nmea_ndeg2degree)
    i.nmea_pack_type                         0x08004670   Section        0  parse.o(i.nmea_pack_type)
    i.nmea_parse                             0x0800476c   Section        0  parser.o(i.nmea_parse)
    i.nmea_parse_BDGSA                       0x08004868   Section        0  parse.o(i.nmea_parse_BDGSA)
    i.nmea_parse_BDGSV                       0x08004938   Section        0  parse.o(i.nmea_parse_BDGSV)
    i.nmea_parse_GNGGA                       0x080049f4   Section        0  parse.o(i.nmea_parse_GNGGA)
    i.nmea_parse_GNGLL                       0x08004ae0   Section        0  parse.o(i.nmea_parse_GNGLL)
    i.nmea_parse_GNRMC                       0x08004b9c   Section        0  parse.o(i.nmea_parse_GNRMC)
    i.nmea_parse_GNVTG                       0x08004c90   Section        0  parse.o(i.nmea_parse_GNVTG)
    i.nmea_parse_GNZDA                       0x08004d68   Section        0  parse.o(i.nmea_parse_GNZDA)
    i.nmea_parse_GPGGA                       0x08004e20   Section        0  parse.o(i.nmea_parse_GPGGA)
    i.nmea_parse_GPGSA                       0x08004f0c   Section        0  parse.o(i.nmea_parse_GPGSA)
    i.nmea_parse_GPGSV                       0x08004fdc   Section        0  parse.o(i.nmea_parse_GPGSV)
    i.nmea_parse_GPRMC                       0x08005098   Section        0  parse.o(i.nmea_parse_GPRMC)
    i.nmea_parse_GPTXT                       0x0800518c   Section        0  parse.o(i.nmea_parse_GPTXT)
    i.nmea_parse_GPVTG                       0x080051fc   Section        0  parse.o(i.nmea_parse_GPVTG)
    i.nmea_parser_init                       0x080052d0   Section        0  parser.o(i.nmea_parser_init)
    i.nmea_parser_pop                        0x08005320   Section        0  parser.o(i.nmea_parser_pop)
    i.nmea_parser_push                       0x08005342   Section        0  parser.o(i.nmea_parser_push)
    i.nmea_parser_real_push                  0x0800536c   Section        0  parser.o(i.nmea_parser_real_push)
    i.nmea_property                          0x08005674   Section        0  context.o(i.nmea_property)
    i.nmea_scanf                             0x0800567c   Section        0  tok.o(i.nmea_scanf)
    i.nmea_time_now                          0x0800581a   Section        0  time.o(i.nmea_time_now)
    i.nmea_trace_buff                        0x08005830   Section        0  context.o(i.nmea_trace_buff)
    i.nmea_zero_INFO                         0x08005844   Section        0  info.o(i.nmea_zero_INFO)
    i.test_uart_polling_mode                 0x08005860   Section        0  main.o(i.test_uart_polling_mode)
    i.trace                                  0x08005988   Section        0  bsp_usart_dma.o(i.trace)
    .constdata                               0x0800598a   Section        5  main.o(.constdata)
    __FUNCTION__                             0x0800598a   Data           5  main.o(.constdata)
    .constdata                               0x08005990   Section       64  system_stm32l4xx.o(.constdata)
    .constdata                               0x080059d0   Section        8  system_stm32l4xx.o(.constdata)
    .constdata                               0x080059d8   Section       17  nema_decode_test.o(.constdata)
    __FUNCTION__                             0x080059d8   Data          17  nema_decode_test.o(.constdata)
    .constdata                               0x080059e9   Section      129  ctype_o.o(.constdata)
    .constdata                               0x08005a6c   Section        4  ctype_o.o(.constdata)
    table                                    0x08005a6c   Data           4  ctype_o.o(.constdata)
    .conststring                             0x08005a70   Section      238  parse.o(.conststring)
    .data                                    0x20000000   Section       12  stm32l4xx_hal.o(.data)
    .data                                    0x2000000c   Section        4  system_stm32l4xx.o(.data)
    .data                                    0x20000010   Section        2  bsp_usart_dma.o(.data)
    .data                                    0x20000014   Section       16  context.o(.data)
    prop                                     0x20000014   Data          16  context.o(.data)
    .data                                    0x20000024   Section       52  parse.o(.data)
    pheads                                   0x20000024   Data          52  parse.o(.data)
    .data                                    0x20000058   Section        4  stdout.o(.data)
    .data                                    0x2000005c   Section        4  mvars.o(.data)
    .data                                    0x20000060   Section        4  mvars.o(.data)
    .data                                    0x20000064   Section        4  errno.o(.data)
    _errno                                   0x20000064   Data           4  errno.o(.data)
    .bss                                     0x20000068   Section      136  bsp_usart.o(.bss)
    .bss                                     0x200000f0   Section      208  bsp_usart_dma.o(.bss)
    .bss                                     0x200001c0   Section      256  bsp_usart_dma.o(.bss)
    .bss                                     0x200002c0   Section      256  parse.o(.bss)
    HEAP                                     0x200003c0   Section      512  startup_stm32l431xx.o(HEAP)
    STACK                                    0x200005c0   Section     1024  startup_stm32l431xx.o(STACK)

    Global Symbols

    Symbol Name                              Value     Ov Type        Size  Object(Section)

    BuildAttributes$$THM_ISAv4$E$P$D$K$B$S$7EM$VFPi3$EXTD16$VFPS$VFMA$PE$A:L22UL41UL21$X:L11$S22US41US21$IEEE1$IW$USESV6$~STKCKD$USESV7$~SHL$OTIME$ROPI$IEEEX$EBA8$MICROLIB$REQ8$PRES8$EABIv2 0x00000000   Number         0  anon$$obj.o ABSOLUTE
    __ARM_use_no_argv                        0x00000000   Number         0  main.o ABSOLUTE
    _printf_a                                0x00000000   Number         0  stubs.o ABSOLUTE
    _printf_c                                0x00000000   Number         0  stubs.o ABSOLUTE
    _printf_charcount                        0x00000000   Number         0  stubs.o ABSOLUTE
    _printf_d                                0x00000000   Number         0  stubs.o ABSOLUTE
    _printf_e                                0x00000000   Number         0  stubs.o ABSOLUTE
    _printf_f                                0x00000000   Number         0  stubs.o ABSOLUTE
    _printf_flags                            0x00000000   Number         0  stubs.o ABSOLUTE
    _printf_fp_dec                           0x00000000   Number         0  stubs.o ABSOLUTE
    _printf_fp_hex                           0x00000000   Number         0  stubs.o ABSOLUTE
    _printf_g                                0x00000000   Number         0  stubs.o ABSOLUTE
    _printf_i                                0x00000000   Number         0  stubs.o ABSOLUTE
    _printf_int_dec                          0x00000000   Number         0  stubs.o ABSOLUTE
    _printf_l                                0x00000000   Number         0  stubs.o ABSOLUTE
    _printf_lc                               0x00000000   Number         0  stubs.o ABSOLUTE
    _printf_ll                               0x00000000   Number         0  stubs.o ABSOLUTE
    _printf_lld                              0x00000000   Number         0  stubs.o ABSOLUTE
    _printf_lli                              0x00000000   Number         0  stubs.o ABSOLUTE
    _printf_llo                              0x00000000   Number         0  stubs.o ABSOLUTE
    _printf_llu                              0x00000000   Number         0  stubs.o ABSOLUTE
    _printf_llx                              0x00000000   Number         0  stubs.o ABSOLUTE
    _printf_longlong_dec                     0x00000000   Number         0  stubs.o ABSOLUTE
    _printf_longlong_hex                     0x00000000   Number         0  stubs.o ABSOLUTE
    _printf_longlong_oct                     0x00000000   Number         0  stubs.o ABSOLUTE
    _printf_ls                               0x00000000   Number         0  stubs.o ABSOLUTE
    _printf_mbtowc                           0x00000000   Number         0  stubs.o ABSOLUTE
    _printf_n                                0x00000000   Number         0  stubs.o ABSOLUTE
    _printf_o                                0x00000000   Number         0  stubs.o ABSOLUTE
    _printf_p                                0x00000000   Number         0  stubs.o ABSOLUTE
    _printf_percent                          0x00000000   Number         0  stubs.o ABSOLUTE
    _printf_pre_padding                      0x00000000   Number         0  stubs.o ABSOLUTE
    _printf_return_value                     0x00000000   Number         0  stubs.o ABSOLUTE
    _printf_s                                0x00000000   Number         0  stubs.o ABSOLUTE
    _printf_sizespec                         0x00000000   Number         0  stubs.o ABSOLUTE
    _printf_str                              0x00000000   Number         0  stubs.o ABSOLUTE
    _printf_truncate_signed                  0x00000000   Number         0  stubs.o ABSOLUTE
    _printf_truncate_unsigned                0x00000000   Number         0  stubs.o ABSOLUTE
    _printf_u                                0x00000000   Number         0  stubs.o ABSOLUTE
    _printf_wc                               0x00000000   Number         0  stubs.o ABSOLUTE
    _printf_wctomb                           0x00000000   Number         0  stubs.o ABSOLUTE
    _printf_widthprec                        0x00000000   Number         0  stubs.o ABSOLUTE
    _printf_x                                0x00000000   Number         0  stubs.o ABSOLUTE
    __arm_fini_                               - Undefined Weak Reference
    __cpp_initialize__aeabi_                  - Undefined Weak Reference
    __cxa_finalize                            - Undefined Weak Reference
    __decompress                              - Undefined Weak Reference
    _clock_init                               - Undefined Weak Reference
    _microlib_exit                            - Undefined Weak Reference
    __Vectors_Size                           0x0000018c   Number         0  startup_stm32l431xx.o ABSOLUTE
    __Vectors                                0x08000000   Data           4  startup_stm32l431xx.o(RESET)
    __Vectors_End                            0x0800018c   Data           0  startup_stm32l431xx.o(RESET)
    __main                                   0x0800018d   Thumb Code     0  entry.o(.ARM.Collect$$$$00000000)
    _main_stk                                0x0800018d   Thumb Code     0  entry2.o(.ARM.Collect$$$$00000001)
    _main_scatterload                        0x08000191   Thumb Code     0  entry5.o(.ARM.Collect$$$$00000004)
    __main_after_scatterload                 0x08000195   Thumb Code     0  entry5.o(.ARM.Collect$$$$00000004)
    _main_clock                              0x08000195   Thumb Code     0  entry7b.o(.ARM.Collect$$$$00000008)
    _main_cpp_init                           0x08000195   Thumb Code     0  entry8b.o(.ARM.Collect$$$$0000000A)
    _main_init                               0x08000195   Thumb Code     0  entry9a.o(.ARM.Collect$$$$0000000B)
    __rt_lib_shutdown_fini                   0x0800019d   Thumb Code     0  entry12b.o(.ARM.Collect$$$$0000000E)
    __rt_final_cpp                           0x080001a1   Thumb Code     0  entry10a.o(.ARM.Collect$$$$0000000F)
    __rt_final_exit                          0x080001a1   Thumb Code     0  entry11a.o(.ARM.Collect$$$$00000011)
    Reset_Handler                            0x080001a5   Thumb Code     8  startup_stm32l431xx.o(.text)
    ADC1_IRQHandler                          0x080001bf   Thumb Code     0  startup_stm32l431xx.o(.text)
    CAN1_RX0_IRQHandler                      0x080001bf   Thumb Code     0  startup_stm32l431xx.o(.text)
    CAN1_RX1_IRQHandler                      0x080001bf   Thumb Code     0  startup_stm32l431xx.o(.text)
    CAN1_SCE_IRQHandler                      0x080001bf   Thumb Code     0  startup_stm32l431xx.o(.text)
    CAN1_TX_IRQHandler                       0x080001bf   Thumb Code     0  startup_stm32l431xx.o(.text)
    COMP_IRQHandler                          0x080001bf   Thumb Code     0  startup_stm32l431xx.o(.text)
    CRS_IRQHandler                           0x080001bf   Thumb Code     0  startup_stm32l431xx.o(.text)
    DMA1_Channel1_IRQHandler                 0x080001bf   Thumb Code     0  startup_stm32l431xx.o(.text)
    DMA1_Channel2_IRQHandler                 0x080001bf   Thumb Code     0  startup_stm32l431xx.o(.text)
    DMA1_Channel3_IRQHandler                 0x080001bf   Thumb Code     0  startup_stm32l431xx.o(.text)
    DMA1_Channel4_IRQHandler                 0x080001bf   Thumb Code     0  startup_stm32l431xx.o(.text)
    DMA1_Channel6_IRQHandler                 0x080001bf   Thumb Code     0  startup_stm32l431xx.o(.text)
    DMA1_Channel7_IRQHandler                 0x080001bf   Thumb Code     0  startup_stm32l431xx.o(.text)
    DMA2_Channel1_IRQHandler                 0x080001bf   Thumb Code     0  startup_stm32l431xx.o(.text)
    DMA2_Channel2_IRQHandler                 0x080001bf   Thumb Code     0  startup_stm32l431xx.o(.text)
    DMA2_Channel3_IRQHandler                 0x080001bf   Thumb Code     0  startup_stm32l431xx.o(.text)
    DMA2_Channel4_IRQHandler                 0x080001bf   Thumb Code     0  startup_stm32l431xx.o(.text)
    DMA2_Channel5_IRQHandler                 0x080001bf   Thumb Code     0  startup_stm32l431xx.o(.text)
    DMA2_Channel6_IRQHandler                 0x080001bf   Thumb Code     0  startup_stm32l431xx.o(.text)
    DMA2_Channel7_IRQHandler                 0x080001bf   Thumb Code     0  startup_stm32l431xx.o(.text)
    EXTI0_IRQHandler                         0x080001bf   Thumb Code     0  startup_stm32l431xx.o(.text)
    EXTI15_10_IRQHandler                     0x080001bf   Thumb Code     0  startup_stm32l431xx.o(.text)
    EXTI1_IRQHandler                         0x080001bf   Thumb Code     0  startup_stm32l431xx.o(.text)
    EXTI2_IRQHandler                         0x080001bf   Thumb Code     0  startup_stm32l431xx.o(.text)
    EXTI3_IRQHandler                         0x080001bf   Thumb Code     0  startup_stm32l431xx.o(.text)
    EXTI4_IRQHandler                         0x080001bf   Thumb Code     0  startup_stm32l431xx.o(.text)
    EXTI9_5_IRQHandler                       0x080001bf   Thumb Code     0  startup_stm32l431xx.o(.text)
    FLASH_IRQHandler                         0x080001bf   Thumb Code     0  startup_stm32l431xx.o(.text)
    FPU_IRQHandler                           0x080001bf   Thumb Code     0  startup_stm32l431xx.o(.text)
    I2C1_ER_IRQHandler                       0x080001bf   Thumb Code     0  startup_stm32l431xx.o(.text)
    I2C1_EV_IRQHandler                       0x080001bf   Thumb Code     0  startup_stm32l431xx.o(.text)
    I2C2_ER_IRQHandler                       0x080001bf   Thumb Code     0  startup_stm32l431xx.o(.text)
    I2C2_EV_IRQHandler                       0x080001bf   Thumb Code     0  startup_stm32l431xx.o(.text)
    I2C3_ER_IRQHandler                       0x080001bf   Thumb Code     0  startup_stm32l431xx.o(.text)
    I2C3_EV_IRQHandler                       0x080001bf   Thumb Code     0  startup_stm32l431xx.o(.text)
    LPTIM1_IRQHandler                        0x080001bf   Thumb Code     0  startup_stm32l431xx.o(.text)
    LPTIM2_IRQHandler                        0x080001bf   Thumb Code     0  startup_stm32l431xx.o(.text)
    LPUART1_IRQHandler                       0x080001bf   Thumb Code     0  startup_stm32l431xx.o(.text)
    PVD_PVM_IRQHandler                       0x080001bf   Thumb Code     0  startup_stm32l431xx.o(.text)
    QUADSPI_IRQHandler                       0x080001bf   Thumb Code     0  startup_stm32l431xx.o(.text)
    RCC_IRQHandler                           0x080001bf   Thumb Code     0  startup_stm32l431xx.o(.text)
    RNG_IRQHandler                           0x080001bf   Thumb Code     0  startup_stm32l431xx.o(.text)
    RTC_Alarm_IRQHandler                     0x080001bf   Thumb Code     0  startup_stm32l431xx.o(.text)
    RTC_WKUP_IRQHandler                      0x080001bf   Thumb Code     0  startup_stm32l431xx.o(.text)
    SAI1_IRQHandler                          0x080001bf   Thumb Code     0  startup_stm32l431xx.o(.text)
    SDMMC1_IRQHandler                        0x080001bf   Thumb Code     0  startup_stm32l431xx.o(.text)
    SPI1_IRQHandler                          0x080001bf   Thumb Code     0  startup_stm32l431xx.o(.text)
    SPI2_IRQHandler                          0x080001bf   Thumb Code     0  startup_stm32l431xx.o(.text)
    SPI3_IRQHandler                          0x080001bf   Thumb Code     0  startup_stm32l431xx.o(.text)
    SWPMI1_IRQHandler                        0x080001bf   Thumb Code     0  startup_stm32l431xx.o(.text)
    TAMP_STAMP_IRQHandler                    0x080001bf   Thumb Code     0  startup_stm32l431xx.o(.text)
    TIM1_BRK_TIM15_IRQHandler                0x080001bf   Thumb Code     0  startup_stm32l431xx.o(.text)
    TIM1_CC_IRQHandler                       0x080001bf   Thumb Code     0  startup_stm32l431xx.o(.text)
    TIM1_TRG_COM_IRQHandler                  0x080001bf   Thumb Code     0  startup_stm32l431xx.o(.text)
    TIM1_UP_TIM16_IRQHandler                 0x080001bf   Thumb Code     0  startup_stm32l431xx.o(.text)
    TIM2_IRQHandler                          0x080001bf   Thumb Code     0  startup_stm32l431xx.o(.text)
    TIM6_DAC_IRQHandler                      0x080001bf   Thumb Code     0  startup_stm32l431xx.o(.text)
    TIM7_IRQHandler                          0x080001bf   Thumb Code     0  startup_stm32l431xx.o(.text)
    TSC_IRQHandler                           0x080001bf   Thumb Code     0  startup_stm32l431xx.o(.text)
    USART1_IRQHandler                        0x080001bf   Thumb Code     0  startup_stm32l431xx.o(.text)
    USART2_IRQHandler                        0x080001bf   Thumb Code     0  startup_stm32l431xx.o(.text)
    USART3_IRQHandler                        0x080001bf   Thumb Code     0  startup_stm32l431xx.o(.text)
    WWDG_IRQHandler                          0x080001bf   Thumb Code     0  startup_stm32l431xx.o(.text)
    __aeabi_uldivmod                         0x080001c9   Thumb Code    98  uldiv.o(.text)
    __rt_ctype_table                         0x08000231   Thumb Code     4  ctype_o.o(.text)
    isspace                                  0x08000239   Thumb Code    18  isspace_o.o(.text)
    __aeabi_memcpy                           0x0800024b   Thumb Code    36  memcpya.o(.text)
    __aeabi_memcpy4                          0x0800024b   Thumb Code     0  memcpya.o(.text)
    __aeabi_memcpy8                          0x0800024b   Thumb Code     0  memcpya.o(.text)
    __aeabi_memset                           0x0800026f   Thumb Code    14  memseta.o(.text)
    __aeabi_memset4                          0x0800026f   Thumb Code     0  memseta.o(.text)
    __aeabi_memset8                          0x0800026f   Thumb Code     0  memseta.o(.text)
    __aeabi_memclr                           0x0800027d   Thumb Code     4  memseta.o(.text)
    __aeabi_memclr4                          0x0800027d   Thumb Code     0  memseta.o(.text)
    __aeabi_memclr8                          0x0800027d   Thumb Code     0  memseta.o(.text)
    _memset$wrapper                          0x08000281   Thumb Code    18  memseta.o(.text)
    strlen                                   0x08000293   Thumb Code    14  strlen.o(.text)
    memchr                                   0x080002a1   Thumb Code    20  memchr.o(.text)
    memcmp                                   0x080002b5   Thumb Code    26  memcmp.o(.text)
    strtol                                   0x080002cf   Thumb Code   112  strtol.o(.text)
    __aeabi_dadd                             0x0800033f   Thumb Code   322  dadd.o(.text)
    __aeabi_dsub                             0x08000481   Thumb Code     6  dadd.o(.text)
    __aeabi_drsub                            0x08000487   Thumb Code     6  dadd.o(.text)
    __aeabi_dmul                             0x0800049d   Thumb Code   228  dmul.o(.text)
    __aeabi_ddiv                             0x08000587   Thumb Code   222  ddiv.o(.text)
    __aeabi_i2d                              0x08000665   Thumb Code    34  dflti.o(.text)
    __aeabi_d2iz                             0x08000687   Thumb Code    62  dfixi.o(.text)
    __aeabi_cdrcmple                         0x080006c5   Thumb Code    48  cdrcmple.o(.text)
    __aeabi_uidiv                            0x080006f5   Thumb Code     0  uidiv.o(.text)
    __aeabi_uidivmod                         0x080006f5   Thumb Code    44  uidiv.o(.text)
    __aeabi_llsl                             0x08000721   Thumb Code    30  llshl.o(.text)
    _ll_shift_l                              0x08000721   Thumb Code     0  llshl.o(.text)
    __aeabi_llsr                             0x0800073f   Thumb Code    32  llushr.o(.text)
    _ll_ushift_r                             0x0800073f   Thumb Code     0  llushr.o(.text)
    __aeabi_lasr                             0x0800075f   Thumb Code    36  llsshr.o(.text)
    _ll_sshift_r                             0x0800075f   Thumb Code     0  llsshr.o(.text)
    _strtoul                                 0x08000783   Thumb Code   158  _strtoul.o(.text)
    __strtod_int                             0x0800085f   Thumb Code    90  strtod.o(.text)
    __I$use$fp                               0x080008c5   Thumb Code     0  iusefp.o(.text)
    _double_round                            0x080008c5   Thumb Code    30  depilogue.o(.text)
    _double_epilogue                         0x080008e3   Thumb Code   156  depilogue.o(.text)
    __aeabi_d2ulz                            0x0800097f   Thumb Code    48  dfixul.o(.text)
    __scatterload                            0x080009b1   Thumb Code    28  init.o(.text)
    __scatterload_rt2                        0x080009b1   Thumb Code     0  init.o(.text)
    _chval                                   0x080009d5   Thumb Code    28  _chval.o(.text)
    _scanf_real                              0x08000b19   Thumb Code     0  scanf_fp.o(.text)
    _scanf_really_real                       0x08000b19   Thumb Code   556  scanf_fp.o(.text)
    _sgetc                                   0x08000d57   Thumb Code    30  _sgetc.o(.text)
    _sbackspace                              0x08000d75   Thumb Code    34  _sgetc.o(.text)
    __aeabi_ul2d                             0x08000d97   Thumb Code    24  dfltul.o(.text)
    __aeabi_d2f                              0x08000daf   Thumb Code    56  d2f.o(.text)
    _float_round                             0x08000de7   Thumb Code    18  fepilogue.o(.text)
    _float_epilogue                          0x08000df9   Thumb Code    92  fepilogue.o(.text)
    BusFault_Handler                         0x08000e55   Thumb Code     2  stm32l4xx_it.o(i.BusFault_Handler)
    DMA1_Channel5_IRQHandler                 0x08000e59   Thumb Code    18  stm32l4xx_it.o(i.DMA1_Channel5_IRQHandler)
    DebugMon_Handler                         0x08000ebb   Thumb Code     2  stm32l4xx_it.o(i.DebugMon_Handler)
    GMTconvert                               0x08000ebd   Thumb Code   282  bsp_usart_dma.o(i.GMTconvert)
    GPS_Config                               0x08000fd7   Thumb Code    14  bsp_usart_dma.o(i.GPS_Config)
    GPS_USART_Config                         0x08000fe5   Thumb Code   146  bsp_usart_dma.o(i.GPS_USART_Config)
    HAL_DMA_DeInit                           0x08001089   Thumb Code   142  stm32l4xx_hal_dma.o(i.HAL_DMA_DeInit)
    HAL_DMA_IRQHandler                       0x08001125   Thumb Code   204  stm32l4xx_hal_dma.o(i.HAL_DMA_IRQHandler)
    HAL_DMA_Init                             0x080011f9   Thumb Code   184  stm32l4xx_hal_dma.o(i.HAL_DMA_Init)
    HAL_DMA_Start_IT                         0x080012bd   Thumb Code   116  stm32l4xx_hal_dma.o(i.HAL_DMA_Start_IT)
    HAL_Delay                                0x08001331   Thumb Code    32  stm32l4xx_hal.o(i.HAL_Delay)
    HAL_GPIO_Init                            0x08001355   Thumb Code   434  stm32l4xx_hal_gpio.o(i.HAL_GPIO_Init)
    HAL_GetTick                              0x0800152d   Thumb Code     6  stm32l4xx_hal.o(i.HAL_GetTick)
    HAL_IncTick                              0x08001539   Thumb Code    12  stm32l4xx_hal.o(i.HAL_IncTick)
    HAL_Init                                 0x08001549   Thumb Code    30  stm32l4xx_hal.o(i.HAL_Init)
    HAL_InitTick                             0x08001569   Thumb Code    58  stm32l4xx_hal.o(i.HAL_InitTick)
    HAL_MspInit                              0x080015ad   Thumb Code    38  stm32l4xx_hal_msp.o(i.HAL_MspInit)
    HAL_NVIC_EnableIRQ                       0x080015d9   Thumb Code    26  stm32l4xx_hal_cortex.o(i.HAL_NVIC_EnableIRQ)
    HAL_NVIC_SetPriority                     0x080015f5   Thumb Code    60  stm32l4xx_hal_cortex.o(i.HAL_NVIC_SetPriority)
    HAL_NVIC_SetPriorityGrouping             0x08001635   Thumb Code    26  stm32l4xx_hal_cortex.o(i.HAL_NVIC_SetPriorityGrouping)
    HAL_PWREx_ControlVoltageScaling          0x08001659   Thumb Code    90  stm32l4xx_hal_pwr_ex.o(i.HAL_PWREx_ControlVoltageScaling)
    HAL_PWREx_GetVoltageRange                0x080016c1   Thumb Code    10  stm32l4xx_hal_pwr_ex.o(i.HAL_PWREx_GetVoltageRange)
    HAL_RCCEx_PeriphCLKConfig                0x080016d1   Thumb Code   682  stm32l4xx_hal_rcc_ex.o(i.HAL_RCCEx_PeriphCLKConfig)
    HAL_RCC_ClockConfig                      0x0800198d   Thumb Code   304  stm32l4xx_hal_rcc.o(i.HAL_RCC_ClockConfig)
    HAL_RCC_GetPCLK1Freq                     0x08001ad1   Thumb Code    24  stm32l4xx_hal_rcc.o(i.HAL_RCC_GetPCLK1Freq)
    HAL_RCC_GetPCLK2Freq                     0x08001af5   Thumb Code    24  stm32l4xx_hal_rcc.o(i.HAL_RCC_GetPCLK2Freq)
    HAL_RCC_GetSysClockFreq                  0x08001b19   Thumb Code   150  stm32l4xx_hal_rcc.o(i.HAL_RCC_GetSysClockFreq)
    HAL_RCC_OscConfig                        0x08001bbd   Thumb Code  1366  stm32l4xx_hal_rcc.o(i.HAL_RCC_OscConfig)
    HAL_SYSTICK_Config                       0x0800211d   Thumb Code    40  stm32l4xx_hal_cortex.o(i.HAL_SYSTICK_Config)
    HAL_UARTEx_RxEventCallback               0x08002145   Thumb Code     2  stm32l4xx_hal_uart.o(i.HAL_UARTEx_RxEventCallback)
    HAL_UART_ErrorCallback                   0x08002147   Thumb Code     2  stm32l4xx_hal_uart.o(i.HAL_UART_ErrorCallback)
    HAL_UART_Init                            0x08002149   Thumb Code   102  stm32l4xx_hal_uart.o(i.HAL_UART_Init)
    HAL_UART_MspInit                         0x080021af   Thumb Code     2  stm32l4xx_hal_uart.o(i.HAL_UART_MspInit)
    HAL_UART_Receive                         0x080021b1   Thumb Code   240  stm32l4xx_hal_uart.o(i.HAL_UART_Receive)
    HAL_UART_Receive_DMA                     0x080022a9   Thumb Code    66  stm32l4xx_hal_uart.o(i.HAL_UART_Receive_DMA)
    HAL_UART_RxCpltCallback                  0x080022f1   Thumb Code     2  stm32l4xx_hal_uart.o(i.HAL_UART_RxCpltCallback)
    HAL_UART_RxHalfCpltCallback              0x080022f3   Thumb Code     2  stm32l4xx_hal_uart.o(i.HAL_UART_RxHalfCpltCallback)
    HAL_UART_Transmit                        0x080022f5   Thumb Code   172  stm32l4xx_hal_uart.o(i.HAL_UART_Transmit)
    HardFault_Handler                        0x080023a7   Thumb Code     2  stm32l4xx_it.o(i.HardFault_Handler)
    MX_GPIO_Init                             0x080023d5   Thumb Code    38  gpio.o(i.MX_GPIO_Init)
    MemManage_Handler                        0x08002401   Thumb Code     2  stm32l4xx_it.o(i.MemManage_Handler)
    NMI_Handler                              0x08002403   Thumb Code     2  stm32l4xx_it.o(i.NMI_Handler)
    PendSV_Handler                           0x08002405   Thumb Code     2  stm32l4xx_it.o(i.PendSV_Handler)
    SVC_Handler                              0x080025b1   Thumb Code     2  stm32l4xx_it.o(i.SVC_Handler)
    SysTick_Handler                          0x080025b3   Thumb Code     4  stm32l4xx_it.o(i.SysTick_Handler)
    SystemClock_Config                       0x080025b7   Thumb Code   110  main.o(i.SystemClock_Config)
    SystemInit                               0x08002625   Thumb Code    12  system_stm32l4xx.o(i.SystemInit)
    UART_AdvFeatureConfig                    0x08002635   Thumb Code   200  stm32l4xx_hal_uart.o(i.UART_AdvFeatureConfig)
    UART_CheckIdleState                      0x080026fd   Thumb Code   168  stm32l4xx_hal_uart.o(i.UART_CheckIdleState)
    UART_SetConfig                           0x0800291d   Thumb Code   478  stm32l4xx_hal_uart.o(i.UART_SetConfig)
    UART_Start_Receive_DMA                   0x08002b1d   Thumb Code   146  stm32l4xx_hal_uart.o(i.UART_Start_Receive_DMA)
    UART_WaitOnFlagUntilTimeout              0x08002bbd   Thumb Code   148  stm32l4xx_hal_uart.o(i.UART_WaitOnFlagUntilTimeout)
    UARTx_Config                             0x08002c51   Thumb Code   140  bsp_usart.o(i.UARTx_Config)
    USART_DMA_Config                         0x08002ce9   Thumb Code   100  bsp_usart_dma.o(i.USART_DMA_Config)
    UsageFault_Handler                       0x08002d59   Thumb Code     2  stm32l4xx_it.o(i.UsageFault_Handler)
    __0printf                                0x08002d5d   Thumb Code    22  printfa.o(i.__0printf)
    __1printf                                0x08002d5d   Thumb Code     0  printfa.o(i.__0printf)
    __2printf                                0x08002d5d   Thumb Code     0  printfa.o(i.__0printf)
    __c89printf                              0x08002d5d   Thumb Code     0  printfa.o(i.__0printf)
    printf                                   0x08002d5d   Thumb Code     0  printfa.o(i.__0printf)
    __0vsnprintf                             0x08002d7d   Thumb Code    46  printfa.o(i.__0vsnprintf)
    __1vsnprintf                             0x08002d7d   Thumb Code     0  printfa.o(i.__0vsnprintf)
    __2vsnprintf                             0x08002d7d   Thumb Code     0  printfa.o(i.__0vsnprintf)
    __c89vsnprintf                           0x08002d7d   Thumb Code     0  printfa.o(i.__0vsnprintf)
    vsnprintf                                0x08002d7d   Thumb Code     0  printfa.o(i.__0vsnprintf)
    __aeabi_errno_addr                       0x08002e19   Thumb Code     4  errno.o(i.__aeabi_errno_addr)
    __rt_errno_addr                          0x08002e19   Thumb Code     0  errno.o(i.__aeabi_errno_addr)
    __hardfp_strtod                          0x08002e21   Thumb Code    30  strtod.o(i.__hardfp_strtod)
    __scatterload_copy                       0x08002e49   Thumb Code    14  handlers.o(i.__scatterload_copy)
    __scatterload_null                       0x08002e57   Thumb Code     2  handlers.o(i.__scatterload_null)
    __scatterload_zeroinit                   0x08002e59   Thumb Code    14  handlers.o(i.__scatterload_zeroinit)
    _is_digit                                0x08002ff3   Thumb Code    14  scanf_fp.o(i._is_digit)
    _nmea_parse_time                         0x08003001   Thumb Code    78  parse.o(i._nmea_parse_time)
    error                                    0x080037b3   Thumb Code     2  bsp_usart_dma.o(i.error)
    fputc                                    0x080037b5   Thumb Code    20  bsp_usart.o(i.fputc)
    free                                     0x080037cd   Thumb Code    76  malloc.o(i.free)
    gps_info                                 0x0800381d   Thumb Code    42  bsp_usart_dma.o(i.gps_info)
    main                                     0x0800385d   Thumb Code   190  main.o(i.main)
    malloc                                   0x08003ae1   Thumb Code    92  malloc.o(i.malloc)
    nmea_BDGSA2info                          0x08003b4d   Thumb Code   100  parse.o(i.nmea_BDGSA2info)
    nmea_BDGSV2info                          0x08003bb1   Thumb Code   118  parse.o(i.nmea_BDGSV2info)
    nmea_GNGGA2info                          0x08003c29   Thumb Code   118  parse.o(i.nmea_GNGGA2info)
    nmea_GNGLL2info                          0x08003ca1   Thumb Code   138  parse.o(i.nmea_GNGLL2info)
    nmea_GNRMC2info                          0x08003d2d   Thumb Code   170  parse.o(i.nmea_GNRMC2info)
    nmea_GNVTG2info                          0x08003de1   Thumb Code    50  parse.o(i.nmea_GNVTG2info)
    nmea_GNZDA2info                          0x08003e13   Thumb Code    24  parse.o(i.nmea_GNZDA2info)
    nmea_GPGGA2info                          0x08003e2d   Thumb Code   114  parse.o(i.nmea_GPGGA2info)
    nmea_GPGSA2info                          0x08003e9f   Thumb Code    98  parse.o(i.nmea_GPGSA2info)
    nmea_GPGSA_print                         0x08003f01   Thumb Code   120  parse.o(i.nmea_GPGSA_print)
    nmea_GPGSV2info                          0x08004045   Thumb Code   112  parse.o(i.nmea_GPGSV2info)
    nmea_GPRMC2info                          0x080040b5   Thumb Code   154  parse.o(i.nmea_GPRMC2info)
    nmea_GPTXT2info                          0x08004159   Thumb Code    52  parse.o(i.nmea_GPTXT2info)
    nmea_GPVTG2info                          0x080041dd   Thumb Code    34  parse.o(i.nmea_GPVTG2info)
    nmea_atof                                0x08004201   Thumb Code    42  tok.o(i.nmea_atof)
    nmea_atoi                                0x08004235   Thumb Code    44  tok.o(i.nmea_atoi)
    nmea_decode_test                         0x08004261   Thumb Code   318  nema_decode_test.o(i.nmea_decode_test)
    nmea_error                               0x0800451d   Thumb Code    52  context.o(i.nmea_error)
    nmea_find_tail                           0x08004555   Thumb Code   122  parse.o(i.nmea_find_tail)
    nmea_info                                0x080045d1   Thumb Code    52  context.o(i.nmea_info)
    nmea_ndeg2degree                         0x08004609   Thumb Code    88  gmath.o(i.nmea_ndeg2degree)
    nmea_pack_type                           0x08004671   Thumb Code   248  parse.o(i.nmea_pack_type)
    nmea_parse                               0x0800476d   Thumb Code   250  parser.o(i.nmea_parse)
    nmea_parse_BDGSA                         0x08004869   Thumb Code   126  parse.o(i.nmea_parse_BDGSA)
    nmea_parse_BDGSV                         0x08004939   Thumb Code   162  parse.o(i.nmea_parse_BDGSV)
    nmea_parse_GNGGA                         0x080049f5   Thumb Code   140  parse.o(i.nmea_parse_GNGGA)
    nmea_parse_GNGLL                         0x08004ae1   Thumb Code   112  parse.o(i.nmea_parse_GNGLL)
    nmea_parse_GNRMC                         0x08004b9d   Thumb Code   146  parse.o(i.nmea_parse_GNRMC)
    nmea_parse_GNVTG                         0x08004c91   Thumb Code   124  parse.o(i.nmea_parse_GNVTG)
    nmea_parse_GNZDA                         0x08004d69   Thumb Code   108  parse.o(i.nmea_parse_GNZDA)
    nmea_parse_GPGGA                         0x08004e21   Thumb Code   140  parse.o(i.nmea_parse_GPGGA)
    nmea_parse_GPGSA                         0x08004f0d   Thumb Code   126  parse.o(i.nmea_parse_GPGSA)
    nmea_parse_GPGSV                         0x08004fdd   Thumb Code   162  parse.o(i.nmea_parse_GPGSV)
    nmea_parse_GPRMC                         0x08005099   Thumb Code   146  parse.o(i.nmea_parse_GPRMC)
    nmea_parse_GPTXT                         0x0800518d   Thumb Code    64  parse.o(i.nmea_parse_GPTXT)
    nmea_parse_GPVTG                         0x080051fd   Thumb Code   124  parse.o(i.nmea_parse_GPVTG)
    nmea_parser_init                         0x080052d1   Thumb Code    54  parser.o(i.nmea_parser_init)
    nmea_parser_pop                          0x08005321   Thumb Code    34  parser.o(i.nmea_parser_pop)
    nmea_parser_push                         0x08005343   Thumb Code    42  parser.o(i.nmea_parser_push)
    nmea_parser_real_push                    0x0800536d   Thumb Code   742  parser.o(i.nmea_parser_real_push)
    nmea_property                            0x08005675   Thumb Code     4  context.o(i.nmea_property)
    nmea_scanf                               0x0800567d   Thumb Code   404  tok.o(i.nmea_scanf)
    nmea_time_now                            0x0800581b   Thumb Code    22  time.o(i.nmea_time_now)
    nmea_trace_buff                          0x08005831   Thumb Code    16  context.o(i.nmea_trace_buff)
    nmea_zero_INFO                           0x08005845   Thumb Code    28  info.o(i.nmea_zero_INFO)
    test_uart_polling_mode                   0x08005861   Thumb Code    84  main.o(i.test_uart_polling_mode)
    trace                                    0x08005989   Thumb Code     2  bsp_usart_dma.o(i.trace)
    AHBPrescTable                            0x08005990   Data          16  system_stm32l4xx.o(.constdata)
    MSIRangeTable                            0x080059a0   Data          48  system_stm32l4xx.o(.constdata)
    APBPrescTable                            0x080059d0   Data           8  system_stm32l4xx.o(.constdata)
    __ctype_table                            0x080059e9   Data         129  ctype_o.o(.constdata)
    Region$$Table$$Base                      0x08005b60   Number         0  anon$$obj.o(Region$$Table)
    Region$$Table$$Limit                     0x08005b80   Number         0  anon$$obj.o(Region$$Table)
    uwTickFreq                               0x20000000   Data           1  stm32l4xx_hal.o(.data)
    uwTickPrio                               0x20000004   Data           4  stm32l4xx_hal.o(.data)
    uwTick                                   0x20000008   Data           4  stm32l4xx_hal.o(.data)
    SystemCoreClock                          0x2000000c   Data           4  system_stm32l4xx.o(.data)
    GPS_TransferEnd                          0x20000010   Data           1  bsp_usart_dma.o(.data)
    GPS_HalfTransferEnd                      0x20000011   Data           1  bsp_usart_dma.o(.data)
    __stdout                                 0x20000058   Data           4  stdout.o(.data)
    __microlib_freelist                      0x2000005c   Data           4  mvars.o(.data)
    __microlib_freelist_initialised          0x20000060   Data           4  mvars.o(.data)
    UartHandle                               0x20000068   Data         136  bsp_usart.o(.bss)
    DMA_Handle                               0x200000f0   Data          72  bsp_usart_dma.o(.bss)
    GPS_UartHandle                           0x20000138   Data         136  bsp_usart_dma.o(.bss)
    gps_rbuff                                0x200001c0   Data         256  bsp_usart_dma.o(.bss)
    txt_buff                                 0x200002c0   Data         256  parse.o(.bss)
    __heap_base                              0x200003c0   Data           0  startup_stm32l431xx.o(HEAP)
    __heap_limit                             0x200005c0   Data           0  startup_stm32l431xx.o(HEAP)
    __initial_sp                             0x200009c0   Data           0  startup_stm32l431xx.o(STACK)



==============================================================================

Memory Map of the image

  Image Entry point : 0x0800018d

  Load Region LR_IROM1 (Base: 0x08000000, Size: 0x00005be8, Max: 0x00020000, ABSOLUTE)

    Execution Region ER_IROM1 (Exec base: 0x08000000, Load base: 0x08000000, Size: 0x00005b80, Max: 0x00020000, ABSOLUTE)

    Exec Addr    Load Addr    Size         Type   Attr      Idx    E Section Name        Object

    0x08000000   0x08000000   0x0000018c   Data   RO            3    RESET               startup_stm32l431xx.o
    0x0800018c   0x0800018c   0x00000000   Code   RO         3452  * .ARM.Collect$$$$00000000  mc_w.l(entry.o)
    0x0800018c   0x0800018c   0x00000004   Code   RO         3846    .ARM.Collect$$$$00000001  mc_w.l(entry2.o)
    0x08000190   0x08000190   0x00000004   Code   RO         3849    .ARM.Collect$$$$00000004  mc_w.l(entry5.o)
    0x08000194   0x08000194   0x00000000   Code   RO         3851    .ARM.Collect$$$$00000008  mc_w.l(entry7b.o)
    0x08000194   0x08000194   0x00000000   Code   RO         3853    .ARM.Collect$$$$0000000A  mc_w.l(entry8b.o)
    0x08000194   0x08000194   0x00000008   Code   RO         3854    .ARM.Collect$$$$0000000B  mc_w.l(entry9a.o)
    0x0800019c   0x0800019c   0x00000004   Code   RO         3861    .ARM.Collect$$$$0000000E  mc_w.l(entry12b.o)
    0x080001a0   0x080001a0   0x00000000   Code   RO         3856    .ARM.Collect$$$$0000000F  mc_w.l(entry10a.o)
    0x080001a0   0x080001a0   0x00000000   Code   RO         3858    .ARM.Collect$$$$00000011  mc_w.l(entry11a.o)
    0x080001a0   0x080001a0   0x00000004   Code   RO         3847    .ARM.Collect$$$$00002712  mc_w.l(entry2.o)
    0x080001a4   0x080001a4   0x00000024   Code   RO            4    .text               startup_stm32l431xx.o
    0x080001c8   0x080001c8   0x00000068   Code   RO         3455    .text               mc_w.l(uldiv.o)
    0x08000230   0x08000230   0x00000008   Code   RO         3457    .text               mc_w.l(ctype_o.o)
    0x08000238   0x08000238   0x00000012   Code   RO         3479    .text               mc_w.l(isspace_o.o)
    0x0800024a   0x0800024a   0x00000024   Code   RO         3488    .text               mc_w.l(memcpya.o)
    0x0800026e   0x0800026e   0x00000024   Code   RO         3490    .text               mc_w.l(memseta.o)
    0x08000292   0x08000292   0x0000000e   Code   RO         3492    .text               mc_w.l(strlen.o)
    0x080002a0   0x080002a0   0x00000014   Code   RO         3494    .text               mc_w.l(memchr.o)
    0x080002b4   0x080002b4   0x0000001a   Code   RO         3496    .text               mc_w.l(memcmp.o)
    0x080002ce   0x080002ce   0x00000070   Code   RO         3789    .text               mc_w.l(strtol.o)
    0x0800033e   0x0800033e   0x0000015e   Code   RO         3791    .text               mf_w.l(dadd.o)
    0x0800049c   0x0800049c   0x000000ea   Code   RO         3793    .text               mf_w.l(dmul.o)
    0x08000586   0x08000586   0x000000de   Code   RO         3795    .text               mf_w.l(ddiv.o)
    0x08000664   0x08000664   0x00000022   Code   RO         3799    .text               mf_w.l(dflti.o)
    0x08000686   0x08000686   0x0000003e   Code   RO         3801    .text               mf_w.l(dfixi.o)
    0x080006c4   0x080006c4   0x00000030   Code   RO         3805    .text               mf_w.l(cdrcmple.o)
    0x080006f4   0x080006f4   0x0000002c   Code   RO         3863    .text               mc_w.l(uidiv.o)
    0x08000720   0x08000720   0x0000001e   Code   RO         3865    .text               mc_w.l(llshl.o)
    0x0800073e   0x0800073e   0x00000020   Code   RO         3867    .text               mc_w.l(llushr.o)
    0x0800075e   0x0800075e   0x00000024   Code   RO         3869    .text               mc_w.l(llsshr.o)
    0x08000782   0x08000782   0x000000a4   Code   RO         3880    .text               mc_w.l(_strtoul.o)
    0x08000826   0x08000826   0x00000002   PAD
    0x08000828   0x08000828   0x0000009c   Code   RO         3882    .text               mc_w.l(strtod.o)
    0x080008c4   0x080008c4   0x00000000   Code   RO         3884    .text               mc_w.l(iusefp.o)
    0x080008c4   0x080008c4   0x000000ba   Code   RO         3885    .text               mf_w.l(depilogue.o)
    0x0800097e   0x0800097e   0x00000030   Code   RO         3891    .text               mf_w.l(dfixul.o)
    0x080009ae   0x080009ae   0x00000002   PAD
    0x080009b0   0x080009b0   0x00000024   Code   RO         3893    .text               mc_w.l(init.o)
    0x080009d4   0x080009d4   0x0000001c   Code   RO         3897    .text               mc_w.l(_chval.o)
    0x080009f0   0x080009f0   0x00000366   Code   RO         3899    .text               mc_w.l(scanf_fp.o)
    0x08000d56   0x08000d56   0x00000040   Code   RO         3903    .text               mc_w.l(_sgetc.o)
    0x08000d96   0x08000d96   0x00000018   Code   RO         3910    .text               mf_w.l(dfltul.o)
    0x08000dae   0x08000dae   0x00000038   Code   RO         3912    .text               mf_w.l(d2f.o)
    0x08000de6   0x08000de6   0x0000006e   Code   RO         3914    .text               mf_w.l(fepilogue.o)
    0x08000e54   0x08000e54   0x00000002   Code   RO          243    i.BusFault_Handler  stm32l4xx_it.o
    0x08000e56   0x08000e56   0x00000002   PAD
    0x08000e58   0x08000e58   0x00000034   Code   RO          244    i.DMA1_Channel5_IRQHandler  stm32l4xx_it.o
    0x08000e8c   0x08000e8c   0x0000002e   Code   RO         1660    i.DMA_SetConfig     stm32l4xx_hal_dma.o
    0x08000eba   0x08000eba   0x00000002   Code   RO          245    i.DebugMon_Handler  stm32l4xx_it.o
    0x08000ebc   0x08000ebc   0x0000011a   Code   RO         2378    i.GMTconvert        bsp_usart_dma.o
    0x08000fd6   0x08000fd6   0x0000000e   Code   RO         2379    i.GPS_Config        bsp_usart_dma.o
    0x08000fe4   0x08000fe4   0x000000a4   Code   RO         2381    i.GPS_USART_Config  bsp_usart_dma.o
    0x08001088   0x08001088   0x0000009c   Code   RO         1663    i.HAL_DMA_DeInit    stm32l4xx_hal_dma.o
    0x08001124   0x08001124   0x000000d4   Code   RO         1666    i.HAL_DMA_IRQHandler  stm32l4xx_hal_dma.o
    0x080011f8   0x080011f8   0x000000c4   Code   RO         1667    i.HAL_DMA_Init      stm32l4xx_hal_dma.o
    0x080012bc   0x080012bc   0x00000074   Code   RO         1671    i.HAL_DMA_Start_IT  stm32l4xx_hal_dma.o
    0x08001330   0x08001330   0x00000024   Code   RO          838    i.HAL_Delay         stm32l4xx_hal.o
    0x08001354   0x08001354   0x000001d6   Code   RO         1561    i.HAL_GPIO_Init     stm32l4xx_hal_gpio.o
    0x0800152a   0x0800152a   0x00000002   PAD
    0x0800152c   0x0800152c   0x0000000c   Code   RO          842    i.HAL_GetTick       stm32l4xx_hal.o
    0x08001538   0x08001538   0x00000010   Code   RO          848    i.HAL_IncTick       stm32l4xx_hal.o
    0x08001548   0x08001548   0x0000001e   Code   RO          849    i.HAL_Init          stm32l4xx_hal.o
    0x08001566   0x08001566   0x00000002   PAD
    0x08001568   0x08001568   0x00000044   Code   RO          850    i.HAL_InitTick      stm32l4xx_hal.o
    0x080015ac   0x080015ac   0x0000002c   Code   RO          325    i.HAL_MspInit       stm32l4xx_hal_msp.o
    0x080015d8   0x080015d8   0x0000001a   Code   RO         2086    i.HAL_NVIC_EnableIRQ  stm32l4xx_hal_cortex.o
    0x080015f2   0x080015f2   0x00000002   PAD
    0x080015f4   0x080015f4   0x00000040   Code   RO         2092    i.HAL_NVIC_SetPriority  stm32l4xx_hal_cortex.o
    0x08001634   0x08001634   0x00000024   Code   RO         2093    i.HAL_NVIC_SetPriorityGrouping  stm32l4xx_hal_cortex.o
    0x08001658   0x08001658   0x00000068   Code   RO         1888    i.HAL_PWREx_ControlVoltageScaling  stm32l4xx_hal_pwr_ex.o
    0x080016c0   0x080016c0   0x00000010   Code   RO         1911    i.HAL_PWREx_GetVoltageRange  stm32l4xx_hal_pwr_ex.o
    0x080016d0   0x080016d0   0x000002ba   Code   RO         1194    i.HAL_RCCEx_PeriphCLKConfig  stm32l4xx_hal_rcc_ex.o
    0x0800198a   0x0800198a   0x00000002   PAD
    0x0800198c   0x0800198c   0x00000144   Code   RO         1066    i.HAL_RCC_ClockConfig  stm32l4xx_hal_rcc.o
    0x08001ad0   0x08001ad0   0x00000024   Code   RO         1072    i.HAL_RCC_GetPCLK1Freq  stm32l4xx_hal_rcc.o
    0x08001af4   0x08001af4   0x00000024   Code   RO         1073    i.HAL_RCC_GetPCLK2Freq  stm32l4xx_hal_rcc.o
    0x08001b18   0x08001b18   0x000000a4   Code   RO         1075    i.HAL_RCC_GetSysClockFreq  stm32l4xx_hal_rcc.o
    0x08001bbc   0x08001bbc   0x00000560   Code   RO         1078    i.HAL_RCC_OscConfig  stm32l4xx_hal_rcc.o
    0x0800211c   0x0800211c   0x00000028   Code   RO         2097    i.HAL_SYSTICK_Config  stm32l4xx_hal_cortex.o
    0x08002144   0x08002144   0x00000002   Code   RO          358    i.HAL_UARTEx_RxEventCallback  stm32l4xx_hal_uart.o
    0x08002146   0x08002146   0x00000002   Code   RO          374    i.HAL_UART_ErrorCallback  stm32l4xx_hal_uart.o
    0x08002148   0x08002148   0x00000066   Code   RO          378    i.HAL_UART_Init     stm32l4xx_hal_uart.o
    0x080021ae   0x080021ae   0x00000002   Code   RO          380    i.HAL_UART_MspInit  stm32l4xx_hal_uart.o
    0x080021b0   0x080021b0   0x000000f6   Code   RO          381    i.HAL_UART_Receive  stm32l4xx_hal_uart.o
    0x080022a6   0x080022a6   0x00000002   PAD
    0x080022a8   0x080022a8   0x00000048   Code   RO          382    i.HAL_UART_Receive_DMA  stm32l4xx_hal_uart.o
    0x080022f0   0x080022f0   0x00000002   Code   RO          385    i.HAL_UART_RxCpltCallback  stm32l4xx_hal_uart.o
    0x080022f2   0x080022f2   0x00000002   Code   RO          386    i.HAL_UART_RxHalfCpltCallback  stm32l4xx_hal_uart.o
    0x080022f4   0x080022f4   0x000000b2   Code   RO          387    i.HAL_UART_Transmit  stm32l4xx_hal_uart.o
    0x080023a6   0x080023a6   0x00000002   Code   RO          246    i.HardFault_Handler  stm32l4xx_it.o
    0x080023a8   0x080023a8   0x0000002c   Code   RO         2382    i.IsLeapYear        bsp_usart_dma.o
    0x080023d4   0x080023d4   0x0000002c   Code   RO          215    i.MX_GPIO_Init      gpio.o
    0x08002400   0x08002400   0x00000002   Code   RO          247    i.MemManage_Handler  stm32l4xx_it.o
    0x08002402   0x08002402   0x00000002   Code   RO          248    i.NMI_Handler       stm32l4xx_it.o
    0x08002404   0x08002404   0x00000002   Code   RO          249    i.PendSV_Handler    stm32l4xx_it.o
    0x08002406   0x08002406   0x00000002   PAD
    0x08002408   0x08002408   0x0000012c   Code   RO         1198    i.RCCEx_PLLSAI1_Config  stm32l4xx_hal_rcc_ex.o
    0x08002534   0x08002534   0x0000007c   Code   RO         1079    i.RCC_SetFlashLatencyFromMSIRange  stm32l4xx_hal_rcc.o
    0x080025b0   0x080025b0   0x00000002   Code   RO          250    i.SVC_Handler       stm32l4xx_it.o
    0x080025b2   0x080025b2   0x00000004   Code   RO          251    i.SysTick_Handler   stm32l4xx_it.o
    0x080025b6   0x080025b6   0x0000006e   Code   RO           14    i.SystemClock_Config  main.o
    0x08002624   0x08002624   0x00000010   Code   RO         2299    i.SystemInit        system_stm32l4xx.o
    0x08002634   0x08002634   0x000000c8   Code   RO          392    i.UART_AdvFeatureConfig  stm32l4xx_hal_uart.o
    0x080026fc   0x080026fc   0x000000a8   Code   RO          393    i.UART_CheckIdleState  stm32l4xx_hal_uart.o
    0x080027a4   0x080027a4   0x00000042   Code   RO          395    i.UART_DMAError     stm32l4xx_hal_uart.o
    0x080027e6   0x080027e6   0x00000096   Code   RO          396    i.UART_DMAReceiveCplt  stm32l4xx_hal_uart.o
    0x0800287c   0x0800287c   0x0000003c   Code   RO          398    i.UART_DMARxHalfCplt  stm32l4xx_hal_uart.o
    0x080028b8   0x080028b8   0x0000004c   Code   RO          404    i.UART_EndRxTransfer  stm32l4xx_hal_uart.o
    0x08002904   0x08002904   0x00000018   Code   RO          405    i.UART_EndTxTransfer  stm32l4xx_hal_uart.o
    0x0800291c   0x0800291c   0x00000200   Code   RO          408    i.UART_SetConfig    stm32l4xx_hal_uart.o
    0x08002b1c   0x08002b1c   0x000000a0   Code   RO          409    i.UART_Start_Receive_DMA  stm32l4xx_hal_uart.o
    0x08002bbc   0x08002bbc   0x00000094   Code   RO          413    i.UART_WaitOnFlagUntilTimeout  stm32l4xx_hal_uart.o
    0x08002c50   0x08002c50   0x00000098   Code   RO         2336    i.UARTx_Config      bsp_usart.o
    0x08002ce8   0x08002ce8   0x00000070   Code   RO         2383    i.USART_DMA_Config  bsp_usart_dma.o
    0x08002d58   0x08002d58   0x00000002   Code   RO          252    i.UsageFault_Handler  stm32l4xx_it.o
    0x08002d5a   0x08002d5a   0x00000002   PAD
    0x08002d5c   0x08002d5c   0x00000020   Code   RO         3733    i.__0printf         mc_w.l(printfa.o)
    0x08002d7c   0x08002d7c   0x00000034   Code   RO         3738    i.__0vsnprintf      mc_w.l(printfa.o)
    0x08002db0   0x08002db0   0x00000024   Code   RO           15    i.__NVIC_GetEnableIRQ  main.o
    0x08002dd4   0x08002dd4   0x00000024   Code   RO           16    i.__NVIC_GetPendingIRQ  main.o
    0x08002df8   0x08002df8   0x00000020   Code   RO         2099    i.__NVIC_SetPriority  stm32l4xx_hal_cortex.o
    0x08002e18   0x08002e18   0x00000008   Code   RO         3873    i.__aeabi_errno_addr  mc_w.l(errno.o)
    0x08002e20   0x08002e20   0x00000028   Code   RO         3434    i.__hardfp_strtod   m_wm.l(strtod.o)
    0x08002e48   0x08002e48   0x0000000e   Code   RO         3918    i.__scatterload_copy  mc_w.l(handlers.o)
    0x08002e56   0x08002e56   0x00000002   Code   RO         3919    i.__scatterload_null  mc_w.l(handlers.o)
    0x08002e58   0x08002e58   0x0000000e   Code   RO         3920    i.__scatterload_zeroinit  mc_w.l(handlers.o)
    0x08002e66   0x08002e66   0x00000002   PAD
    0x08002e68   0x08002e68   0x0000018a   Code   RO         3740    i._fp_digits        mc_w.l(printfa.o)
    0x08002ff2   0x08002ff2   0x0000000e   Code   RO         3901    i._is_digit         mc_w.l(scanf_fp.o)
    0x08003000   0x08003000   0x00000090   Code   RO         2899    i._nmea_parse_time  parse.o
    0x08003090   0x08003090   0x000006ba   Code   RO         3741    i._printf_core      mc_w.l(printfa.o)
    0x0800374a   0x0800374a   0x00000024   Code   RO         3742    i._printf_post_padding  mc_w.l(printfa.o)
    0x0800376e   0x0800376e   0x0000002e   Code   RO         3743    i._printf_pre_padding  mc_w.l(printfa.o)
    0x0800379c   0x0800379c   0x00000016   Code   RO         3744    i._snputc           mc_w.l(printfa.o)
    0x080037b2   0x080037b2   0x00000002   Code   RO         2384    i.error             bsp_usart_dma.o
    0x080037b4   0x080037b4   0x00000018   Code   RO         2338    i.fputc             bsp_usart.o
    0x080037cc   0x080037cc   0x00000050   Code   RO         3761    i.free              mc_w.l(malloc.o)
    0x0800381c   0x0800381c   0x00000040   Code   RO         2385    i.gps_info          bsp_usart_dma.o
    0x0800385c   0x0800385c   0x00000284   Code   RO           17    i.main              main.o
    0x08003ae0   0x08003ae0   0x0000006c   Code   RO         3762    i.malloc            mc_w.l(malloc.o)
    0x08003b4c   0x08003b4c   0x00000064   Code   RO         2900    i.nmea_BDGSA2info   parse.o
    0x08003bb0   0x08003bb0   0x00000076   Code   RO         2901    i.nmea_BDGSV2info   parse.o
    0x08003c26   0x08003c26   0x00000002   PAD
    0x08003c28   0x08003c28   0x00000076   Code   RO         2902    i.nmea_GNGGA2info   parse.o
    0x08003c9e   0x08003c9e   0x00000002   PAD
    0x08003ca0   0x08003ca0   0x0000008a   Code   RO         2903    i.nmea_GNGLL2info   parse.o
    0x08003d2a   0x08003d2a   0x00000002   PAD
    0x08003d2c   0x08003d2c   0x000000b4   Code   RO         2904    i.nmea_GNRMC2info   parse.o
    0x08003de0   0x08003de0   0x00000032   Code   RO         2905    i.nmea_GNVTG2info   parse.o
    0x08003e12   0x08003e12   0x00000018   Code   RO         2906    i.nmea_GNZDA2info   parse.o
    0x08003e2a   0x08003e2a   0x00000002   PAD
    0x08003e2c   0x08003e2c   0x00000072   Code   RO         2907    i.nmea_GPGGA2info   parse.o
    0x08003e9e   0x08003e9e   0x00000062   Code   RO         2908    i.nmea_GPGSA2info   parse.o
    0x08003f00   0x08003f00   0x00000144   Code   RO         2909    i.nmea_GPGSA_print  parse.o
    0x08004044   0x08004044   0x00000070   Code   RO         2910    i.nmea_GPGSV2info   parse.o
    0x080040b4   0x080040b4   0x000000a4   Code   RO         2911    i.nmea_GPRMC2info   parse.o
    0x08004158   0x08004158   0x00000084   Code   RO         2912    i.nmea_GPTXT2info   parse.o
    0x080041dc   0x080041dc   0x00000022   Code   RO         2913    i.nmea_GPVTG2info   parse.o
    0x080041fe   0x080041fe   0x00000002   PAD
    0x08004200   0x08004200   0x00000034   Code   RO         3262    i.nmea_atof         tok.o
    0x08004234   0x08004234   0x0000002c   Code   RO         3263    i.nmea_atoi         tok.o
    0x08004260   0x08004260   0x000002bc   Code   RO         2457    i.nmea_decode_test  nema_decode_test.o
    0x0800451c   0x0800451c   0x00000038   Code   RO         2482    i.nmea_error        context.o
    0x08004554   0x08004554   0x0000007a   Code   RO         2914    i.nmea_find_tail    parse.o
    0x080045ce   0x080045ce   0x00000002   PAD
    0x080045d0   0x080045d0   0x00000038   Code   RO         2483    i.nmea_info         context.o
    0x08004608   0x08004608   0x00000068   Code   RO         2793    i.nmea_ndeg2degree  gmath.o
    0x08004670   0x08004670   0x000000fc   Code   RO         2915    i.nmea_pack_type    parse.o
    0x0800476c   0x0800476c   0x000000fa   Code   RO         3097    i.nmea_parse        parser.o
    0x08004866   0x08004866   0x00000002   PAD
    0x08004868   0x08004868   0x000000d0   Code   RO         2916    i.nmea_parse_BDGSA  parse.o
    0x08004938   0x08004938   0x000000bc   Code   RO         2917    i.nmea_parse_BDGSV  parse.o
    0x080049f4   0x080049f4   0x000000ec   Code   RO         2918    i.nmea_parse_GNGGA  parse.o
    0x08004ae0   0x08004ae0   0x000000bc   Code   RO         2919    i.nmea_parse_GNGLL  parse.o
    0x08004b9c   0x08004b9c   0x000000f4   Code   RO         2920    i.nmea_parse_GNRMC  parse.o
    0x08004c90   0x08004c90   0x000000d8   Code   RO         2921    i.nmea_parse_GNVTG  parse.o
    0x08004d68   0x08004d68   0x000000b8   Code   RO         2922    i.nmea_parse_GNZDA  parse.o
    0x08004e20   0x08004e20   0x000000ec   Code   RO         2923    i.nmea_parse_GPGGA  parse.o
    0x08004f0c   0x08004f0c   0x000000d0   Code   RO         2924    i.nmea_parse_GPGSA  parse.o
    0x08004fdc   0x08004fdc   0x000000bc   Code   RO         2925    i.nmea_parse_GPGSV  parse.o
    0x08005098   0x08005098   0x000000f4   Code   RO         2926    i.nmea_parse_GPRMC  parse.o
    0x0800518c   0x0800518c   0x00000070   Code   RO         2927    i.nmea_parse_GPTXT  parse.o
    0x080051fc   0x080051fc   0x000000d4   Code   RO         2928    i.nmea_parse_GPVTG  parse.o
    0x080052d0   0x080052d0   0x00000050   Code   RO         3101    i.nmea_parser_init  parser.o
    0x08005320   0x08005320   0x00000022   Code   RO         3103    i.nmea_parser_pop   parser.o
    0x08005342   0x08005342   0x0000002a   Code   RO         3104    i.nmea_parser_push  parser.o
    0x0800536c   0x0800536c   0x00000306   Code   RO         3106    i.nmea_parser_real_push  parser.o
    0x08005672   0x08005672   0x00000002   PAD
    0x08005674   0x08005674   0x00000008   Code   RO         2484    i.nmea_property     context.o
    0x0800567c   0x0800567c   0x0000019e   Code   RO         3266    i.nmea_scanf        tok.o
    0x0800581a   0x0800581a   0x00000016   Code   RO         3247    i.nmea_time_now     time.o
    0x08005830   0x08005830   0x00000014   Code   RO         2486    i.nmea_trace_buff   context.o
    0x08005844   0x08005844   0x0000001c   Code   RO         2887    i.nmea_zero_INFO    info.o
    0x08005860   0x08005860   0x00000128   Code   RO           18    i.test_uart_polling_mode  main.o
    0x08005988   0x08005988   0x00000002   Code   RO         2386    i.trace             bsp_usart_dma.o
    0x0800598a   0x0800598a   0x00000005   Data   RO           19    .constdata          main.o
    0x0800598f   0x0800598f   0x00000001   PAD
    0x08005990   0x08005990   0x00000040   Data   RO         2300    .constdata          system_stm32l4xx.o
    0x080059d0   0x080059d0   0x00000008   Data   RO         2301    .constdata          system_stm32l4xx.o
    0x080059d8   0x080059d8   0x00000011   Data   RO         2458    .constdata          nema_decode_test.o
    0x080059e9   0x080059e9   0x00000081   Data   RO         3458    .constdata          mc_w.l(ctype_o.o)
    0x08005a6a   0x08005a6a   0x00000002   PAD
    0x08005a6c   0x08005a6c   0x00000004   Data   RO         3459    .constdata          mc_w.l(ctype_o.o)
    0x08005a70   0x08005a70   0x000000ee   Data   RO         2930    .conststring        parse.o
    0x08005b5e   0x08005b5e   0x00000002   PAD
    0x08005b60   0x08005b60   0x00000020   Data   RO         3916    Region$$Table       anon$$obj.o


    Execution Region RW_IRAM2 (Exec base: 0x10000000, Load base: 0x08005be8, Size: 0x00000000, Max: 0x00004000, ABSOLUTE)

    **** No section assigned to this execution region ****


    Execution Region RW_IRAM1 (Exec base: 0x20000000, Load base: 0x08005b80, Size: 0x000009c0, Max: 0x0000c000, ABSOLUTE)

    Exec Addr    Load Addr    Size         Type   Attr      Idx    E Section Name        Object

    0x20000000   0x08005b80   0x0000000c   Data   RW          866    .data               stm32l4xx_hal.o
    0x2000000c   0x08005b8c   0x00000004   Data   RW         2302    .data               system_stm32l4xx.o
    0x20000010   0x08005b90   0x00000002   Data   RW         2389    .data               bsp_usart_dma.o
    0x20000012   0x08005b92   0x00000002   PAD
    0x20000014   0x08005b94   0x00000010   Data   RW         2487    .data               context.o
    0x20000024   0x08005ba4   0x00000034   Data   RW         2931    .data               parse.o
    0x20000058   0x08005bd8   0x00000004   Data   RW         3862    .data               mc_w.l(stdout.o)
    0x2000005c   0x08005bdc   0x00000004   Data   RW         3871    .data               mc_w.l(mvars.o)
    0x20000060   0x08005be0   0x00000004   Data   RW         3872    .data               mc_w.l(mvars.o)
    0x20000064   0x08005be4   0x00000004   Data   RW         3876    .data               mc_w.l(errno.o)
    0x20000068        -       0x00000088   Zero   RW         2339    .bss                bsp_usart.o
    0x200000f0        -       0x000000d0   Zero   RW         2387    .bss                bsp_usart_dma.o
    0x200001c0        -       0x00000100   Zero   RW         2388    .bss                bsp_usart_dma.o
    0x200002c0        -       0x00000100   Zero   RW         2929    .bss                parse.o
    0x200003c0        -       0x00000200   Zero   RW            2    HEAP                startup_stm32l431xx.o
    0x200005c0        -       0x00000400   Zero   RW            1    STACK               startup_stm32l431xx.o


==============================================================================

Image component sizes


      Code (inc. data)   RO Data    RW Data    ZI Data      Debug   Object Name

       176         16          0          0        136       1884   bsp_usart.o
       684         52          0          2        464       6397   bsp_usart_dma.o
       140         16          0         16          0       4443   context.o
         0          0          0          0          0       3832   generate.o
       104         16          0          0          0        659   gmath.o
        44          6          0          0          0        863   gpio.o
        28          0          0          0          0        957   info.o
      1122        666          5          0          0     675316   main.o
       700        382         17          0          0        895   nema_decode_test.o
      4888       1358        238         52        256      25340   parse.o
      1180         52          0          0          0       5906   parser.o
        36          8        396          0       1536        828   startup_stm32l431xx.o
       162         24          0         12          0      12893   stm32l4xx_hal.o
       198         14          0          0          0      34031   stm32l4xx_hal_cortex.o
       726         34          0          0          0       4696   stm32l4xx_hal_dma.o
       470         30          0          0          0       1668   stm32l4xx_hal_gpio.o
        44          6          0          0          0        918   stm32l4xx_hal_msp.o
       120         20          0          0          0       1430   stm32l4xx_hal_pwr_ex.o
      2060         98          0          0          0       7224   stm32l4xx_hal_rcc.o
       998         32          0          0          0       3028   stm32l4xx_hal_rcc_ex.o
      2172         74          0          0          0      16377   stm32l4xx_hal_uart.o
        72         34          0          0          0       5017   stm32l4xx_it.o
        16          4         72          4          0       1281   system_stm32l4xx.o
        22          0          0          0          0        928   time.o
       510         10          0          0          0       3985   tok.o

    ----------------------------------------------------------------------
     16704       2952        763         88       2392     820796   Object Totals
         0          0         32          0          0          0   (incl. Generated)
        32          0          3          2          0          0   (incl. Padding)

    ----------------------------------------------------------------------

      Code (inc. data)   RO Data    RW Data    ZI Data      Debug   Library Member Name

        40         10          0          0          0        128   strtod.o
        28          0          0          0          0         68   _chval.o
        64          0          0          0          0         84   _sgetc.o
       164          0          0          0          0         92   _strtoul.o
         8          4        133          0          0         68   ctype_o.o
         0          0          0          0          0          0   entry.o
         0          0          0          0          0          0   entry10a.o
         0          0          0          0          0          0   entry11a.o
         4          0          0          0          0          0   entry12b.o
         8          4          0          0          0          0   entry2.o
         4          0          0          0          0          0   entry5.o
         0          0          0          0          0          0   entry7b.o
         0          0          0          0          0          0   entry8b.o
         8          4          0          0          0          0   entry9a.o
         8          4          0          4          0         68   errno.o
        30          0          0          0          0          0   handlers.o
        36          8          0          0          0         68   init.o
        18          0          0          0          0         76   isspace_o.o
         0          0          0          0          0          0   iusefp.o
        30          0          0          0          0         68   llshl.o
        36          0          0          0          0         68   llsshr.o
        32          0          0          0          0         68   llushr.o
       188         20          0          0          0        160   malloc.o
        20          0          0          0          0         68   memchr.o
        26          0          0          0          0         80   memcmp.o
        36          0          0          0          0         68   memcpya.o
        36          0          0          0          0        108   memseta.o
         0          0          0          8          0          0   mvars.o
      2304         96          0          0          0        612   printfa.o
       884         12          0          0          0        216   scanf_fp.o
         0          0          0          4          0          0   stdout.o
        14          0          0          0          0         68   strlen.o
       156         12          0          0          0        120   strtod.o
       112          0          0          0          0         88   strtol.o
        44          0          0          0          0         80   uidiv.o
       104          0          0          0          0         92   uldiv.o
        48          0          0          0          0         68   cdrcmple.o
        56          0          0          0          0         88   d2f.o
       350          0          0          0          0        148   dadd.o
       222          0          0          0          0        100   ddiv.o
       186          0          0          0          0        176   depilogue.o
        62          0          0          0          0         80   dfixi.o
        48          0          0          0          0         68   dfixul.o
        34          0          0          0          0         76   dflti.o
        24          0          0          0          0         76   dfltul.o
       234          0          0          0          0         96   dmul.o
       110          0          0          0          0        168   fepilogue.o

    ----------------------------------------------------------------------
      5822        174        135         16          0       3760   Library Totals
         6          0          2          0          0          0   (incl. Padding)

    ----------------------------------------------------------------------

      Code (inc. data)   RO Data    RW Data    ZI Data      Debug   Library Name

        40         10          0          0          0        128   m_wm.l
      4402        164        133         16          0       2488   mc_w.l
      1374          0          0          0          0       1144   mf_w.l

    ----------------------------------------------------------------------
      5822        174        135         16          0       3760   Library Totals

    ----------------------------------------------------------------------

==============================================================================


      Code (inc. data)   RO Data    RW Data    ZI Data      Debug   

     22526       3126        898        104       2392     811836   Grand Totals
     22526       3126        898        104       2392     811836   ELF Image Totals
     22526       3126        898        104          0          0   ROM Totals

==============================================================================

    Total RO  Size (Code + RO Data)                23424 (  22.88kB)
    Total RW  Size (RW Data + ZI Data)              2496 (   2.44kB)
    Total ROM Size (Code + RO Data + RW Data)      23528 (  22.98kB)

==============================================================================

